#
# A fatal error has been detected by the Java Runtime Environment:
#
#  EXCEPTION_ACCESS_VIOLATION (0xc0000005) at pc=0x00007ffa5d86f92d, pid=18260, tid=2228
#
# JRE version: Java(TM) SE Runtime Environment (9.0+11) (build 9.0.4+11)
# Java VM: Java HotSpot(TM) 64-Bit Server VM (9.0.4+11, mixed mode, tiered, compressed oops, g1 gc, windows-amd64)
# Problematic frame:
# C  0x00007ffa5d86f92d
#
# No core dump will be written. Minidumps are not enabled by default on client versions of Windows
#
# If you would like to submit a bug report, please visit:
#   http://bugreport.java.com/bugreport/crash.jsp
# The crash happened outside the Java Virtual Machine in native code.
# See problematic frame for where to report the bug.
#

---------------  S U M M A R Y ------------

Command Line: -Dsun.java2d.pmoffscreen=false -Dsun.java2d.xrender=false -Dsun.java2d.d3d=false -Dsun.awt.nopixfmt=true -Dsun.java2d.dpiaware=true -Dsun.java2d.uiScale.enabled=false -Xverify:none -Dswing.aatext=true -XX:-UsePerfData -Djdk.map.althashing.threshold=512 -XX:StringTableSize=4072 --add-opens=java.base/java.nio=ALL-UNNAMED --add-opens=java.desktop/sun.swing=ALL-UNNAMED --add-opens=java.desktop/javax.swing=ALL-UNNAMED --add-opens=java.desktop/javax.swing.tree=ALL-UNNAMED --add-opens=java.desktop/javax.swing.plaf.basic=ALL-UNNAMED --add-opens=java.desktop/javax.swing.plaf.synth=ALL-UNNAMED --add-opens=java.desktop/com.sun.awt=ALL-UNNAMED -XX:NewSize=60m -XX:MaxNewSize=60m -Xms128m -Xmx3072m -Xss5m 

Host: AMD Ryzen 7 7840H w/ Radeon 780M Graphics      , 16 cores, 15G,  Windows 10 , 64 bit Build 22621 (10.0.22621.4391)
Time: Sun Jan 12 17:54:36 2025 ?D1¨²¡À¨º¡Á?¨º¡À?? elapsed time: 6347 seconds (0d 1h 45m 47s)

---------------  T H R E A D  ---------------

Current thread (0x000001e48c8d8000):  JavaThread "AWT-EventQueue-0" [_thread_in_native, id=2228, stack(0x00000017d0400000,0x00000017d0900000)]

Stack: [0x00000017d0400000,0x00000017d0900000],  sp=0x00000017d08f6e40,  free space=5083k
Native frames: (J=compiled Java code, j=interpreted, Vv=VM code, C=native code)

Java frames: (J=compiled Java code, j=interpreted, Vv=VM code)
J 21138  ui.data.labtools.lthwdatai.HWDevice_getStatus(J)Ljava/lang/String; (0 bytes) @ 0x000001e4efd82321 [0x000001e4efd822e0+0x0000000000000041]
J 21150 c1 ui.data.labtools.d.getStatus()Ljava/lang/String; (8 bytes) @ 0x000001e4e8350fb4 [0x000001e4e8350f40+0x0000000000000074]
j  ui.b.s.ag.fis()V+70
j  ui.b.s.ag.ay(Lui/data/bp;)V+13
j  ui.b.c.bS.aA(Lui/data/bp;)V+7
j  ui.b.c.bm.aA(Lui/data/bp;)V+35
j  ui.views.cZ.aA(Lui/data/bp;)V+5
j  ui.views.cZ.display()V+107
j  ui.views.cZ.ida()V+52
j  ui.views.cd.ibk()V+1
j  ui.views.cd$$Lambda$302.run()V+4
J 15756 c2 java.awt.event.InvocationEvent.dispatch()V java.desktop@9.0.4 (69 bytes) @ 0x000001e4effd91a8 [0x000001e4effd8fc0+0x00000000000001e8]
J 14912 c2 java.awt.EventQueue$3.run()Ljava/lang/Object; java.desktop@9.0.4 (5 bytes) @ 0x000001e4efb5289c [0x000001e4efb52360+0x000000000000053c]
v  ~StubRoutines::call_stub
J 4231  java.security.AccessController.doPrivileged(Ljava/security/PrivilegedAction;Ljava/security/AccessControlContext;)Ljava/lang/Object; java.base@9.0.4 (0 bytes) @ 0x000001e4ef6230c6 [0x000001e4ef623060+0x0000000000000066]
J 16659 c2 java.awt.EventQueue.dispatchEvent(Ljava/awt/AWTEvent;)V java.desktop@9.0.4 (80 bytes) @ 0x000001e4f017d398 [0x000001e4f017ce40+0x0000000000000558]
J 18262 c2 ui.frmwork.b.d.dispatchEvent(Ljava/awt/AWTEvent;)V (34 bytes) @ 0x000001e4f03493bc [0x000001e4f03492e0+0x00000000000000dc]
J 21910 c2 java.awt.EventDispatchThread.pumpOneEventForFilters(I)V java.desktop@9.0.4 (218 bytes) @ 0x000001e4f0891294 [0x000001e4f0890e80+0x0000000000000414]
J 21568 c1 java.awt.EventDispatchThread.pumpEventsForFilter(ILjava/awt/Conditional;Ljava/awt/EventFilter;)V java.desktop@9.0.4 (47 bytes) @ 0x000001e4eac1bd0c [0x000001e4eac1ba20+0x00000000000002ec]
j  java.awt.EventDispatchThread.pumpEventsForFilter(Ljava/awt/Conditional;Ljava/awt/EventFilter;)V+4 java.desktop@9.0.4
j  java.awt.WaitDispatchSupport$2.run()V+59 java.desktop@9.0.4
j  java.awt.WaitDispatchSupport$4.run()Ljava/lang/Void;+4 java.desktop@9.0.4
j  java.awt.WaitDispatchSupport$4.run()Ljava/lang/Object;+1 java.desktop@9.0.4
v  ~StubRoutines::call_stub
J 1137  java.security.AccessController.doPrivileged(Ljava/security/PrivilegedAction;)Ljava/lang/Object; java.base@9.0.4 (0 bytes) @ 0x000001e4ef3e6ab2 [0x000001e4ef3e6a60+0x0000000000000052]
j  java.awt.WaitDispatchSupport.enter()Z+260 java.desktop@9.0.4
j  java.awt.Dialog.show()V+225 java.desktop@9.0.4
J 21985 c1 java.awt.Window.setVisible(Z)V java.desktop@9.0.4 (6 bytes) @ 0x000001e4eaddfd04 [0x000001e4eaddfae0+0x0000000000000224]
j  java.awt.Dialog.setVisible(Z)V+2 java.desktop@9.0.4
j  ui.b.c.g.setVisible(Z)V+2
j  ui.b.c.bz.showDialog()V+64
j  ui.b.c.bI.actionPerformed(Ljava/awt/event/ActionEvent;)V+8
j  ui.b.c.bz.eWx()V+390
j  ui.views.c.t.b.f.run()V+4
j  ui.views.R.Y.a(Ljava/lang/String;ZLjava/lang/Runnable;Ljava/lang/Runnable;)Z+252
j  ui.views.R.Y.a(Ljava/lang/String;Ljava/lang/Runnable;Ljava/lang/Runnable;)Z+5
j  ui.views.R.Y.c(Ljava/lang/String;Ljava/lang/Runnable;)Z+4
j  ui.views.c.t.b.d.b(Lui/data/design/C;Ljava/lang/String;Ljava/lang/String;)V+472
j  ui.views.c.t.b.d.E(Lui/data/design/C;)V+6
j  ui.views.c.t.b.d.F(Lui/data/design/C;)V+130
j  ui.views.c.t.b.d.run()V+249
j  ui.frmwork.a.gJb()Z+66
j  ui.utils.ao.actionPerformed(Ljava/awt/event/ActionEvent;)V+4
j  javax.swing.AbstractButton.fireActionPerformed(Ljava/awt/event/ActionEvent;)V+84 java.desktop@9.0.4
j  javax.swing.AbstractButton$Handler.actionPerformed(Ljava/awt/event/ActionEvent;)V+5 java.desktop@9.0.4
j  javax.swing.DefaultButtonModel.fireActionPerformed(Ljava/awt/event/ActionEvent;)V+34 java.desktop@9.0.4
j  javax.swing.DefaultButtonModel.setPressed(Z)V+117 java.desktop@9.0.4
j  javax.swing.AbstractButton.doClick(I)V+60 java.desktop@9.0.4
j  javax.swing.plaf.basic.BasicMenuItemUI.doClick(Ljavax/swing/MenuSelectionManager;)V+47 java.desktop@9.0.4
j  javax.swing.plaf.basic.BasicMenuItemUI$Handler.mouseReleased(Ljava/awt/event/MouseEvent;)V+76 java.desktop@9.0.4
J 22057 c1 java.awt.AWTEventMulticaster.mouseReleased(Ljava/awt/event/MouseEvent;)V java.desktop@9.0.4 (27 bytes) @ 0x000001e4e7f3190c [0x000001e4e7f31700+0x000000000000020c]
J 22057 c1 java.awt.AWTEventMulticaster.mouseReleased(Ljava/awt/event/MouseEvent;)V java.desktop@9.0.4 (27 bytes) @ 0x000001e4e7f3190c [0x000001e4e7f31700+0x000000000000020c]
J 17995 c1 java.awt.Component.processMouseEvent(Ljava/awt/event/MouseEvent;)V java.desktop@9.0.4 (100 bytes) @ 0x000001e4ea614134 [0x000001e4ea613da0+0x0000000000000394]
J 18016 c1 javax.swing.JComponent.processMouseEvent(Ljava/awt/event/MouseEvent;)V java.desktop@9.0.4 (27 bytes) @ 0x000001e4ea61896c [0x000001e4ea618760+0x000000000000020c]
J 20610 c2 java.awt.Container.processEvent(Ljava/awt/AWTEvent;)V java.desktop@9.0.4 (22 bytes) @ 0x000001e4f06ea138 [0x000001e4f06e9fa0+0x0000000000000198]
J 22273 c2 java.awt.Component.dispatchEventImpl(Ljava/awt/AWTEvent;)V java.desktop@9.0.4 (739 bytes) @ 0x000001e4efd2eaf0 [0x000001e4efd2e0c0+0x0000000000000a30]
J 20780 c2 java.awt.Container.dispatchEventImpl(Ljava/awt/AWTEvent;)V java.desktop@9.0.4 (129 bytes) @ 0x000001e4f073c5b8 [0x000001e4f073c560+0x0000000000000058]
J 18996 c2 java.awt.LightweightDispatcher.retargetMouseEvent(Ljava/awt/Component;ILjava/awt/event/MouseEvent;)V java.desktop@9.0.4 (350 bytes) @ 0x000001e4f048b570 [0x000001e4f048afe0+0x0000000000000590]
J 20529 c2 java.awt.Window.dispatchEventImpl(Ljava/awt/AWTEvent;)V java.desktop@9.0.4 (23 bytes) @ 0x000001e4f06ba948 [0x000001e4f06ba080+0x00000000000008c8]
J 14912 c2 java.awt.EventQueue$3.run()Ljava/lang/Object; java.desktop@9.0.4 (5 bytes) @ 0x000001e4efb52924 [0x000001e4efb52360+0x00000000000005c4]
v  ~StubRoutines::call_stub
J 4231  java.security.AccessController.doPrivileged(Ljava/security/PrivilegedAction;Ljava/security/AccessControlContext;)Ljava/lang/Object; java.base@9.0.4 (0 bytes) @ 0x000001e4ef6230c6 [0x000001e4ef623060+0x0000000000000066]
J 18471 c2 java.awt.EventQueue$4.run()Ljava/lang/Object; java.desktop@9.0.4 (5 bytes) @ 0x000001e4f03cffc0 [0x000001e4f03cfd60+0x0000000000000260]
v  ~StubRoutines::call_stub
J 4231  java.security.AccessController.doPrivileged(Ljava/security/PrivilegedAction;Ljava/security/AccessControlContext;)Ljava/lang/Object; java.base@9.0.4 (0 bytes) @ 0x000001e4ef6230c6 [0x000001e4ef623060+0x0000000000000066]
J 16659 c2 java.awt.EventQueue.dispatchEvent(Ljava/awt/AWTEvent;)V java.desktop@9.0.4 (80 bytes) @ 0x000001e4f017d1c0 [0x000001e4f017ce40+0x0000000000000380]
J 18262 c2 ui.frmwork.b.d.dispatchEvent(Ljava/awt/AWTEvent;)V (34 bytes) @ 0x000001e4f03493bc [0x000001e4f03492e0+0x00000000000000dc]
J 21910 c2 java.awt.EventDispatchThread.pumpOneEventForFilters(I)V java.desktop@9.0.4 (218 bytes) @ 0x000001e4f0891294 [0x000001e4f0890e80+0x0000000000000414]
J 21553% c1 java.awt.EventDispatchThread.pumpEventsForFilter(ILjava/awt/Conditional;Ljava/awt/EventFilter;)V java.desktop@9.0.4 (47 bytes) @ 0x000001e4eac19de4 [0x000001e4eac19aa0+0x0000000000000344]
j  java.awt.EventDispatchThread.pumpEventsForHierarchy(ILjava/awt/Conditional;Ljava/awt/Component;)V+11 java.desktop@9.0.4
j  java.awt.EventDispatchThread.pumpEvents(ILjava/awt/Conditional;)V+4 java.desktop@9.0.4
j  java.awt.EventDispatchThread.pumpEvents(Ljava/awt/Conditional;)V+3 java.desktop@9.0.4
j  java.awt.EventDispatchThread.run()V+9 java.desktop@9.0.4
v  ~StubRoutines::call_stub

siginfo: EXCEPTION_ACCESS_VIOLATION (0xc0000005), reading address 0xffffffffffffffff


Register to memory mapping:

RIP=0x00007ffa5d86f92d is an unknown value
RAX=0x00000017d08f6ed8 is pointing into the stack for thread: 0x000001e48c8d8000
RBX=0x2d2d2d2d2d2d2d2d is an unknown value
RCX=0x000001e497e40660 is an unknown value
RDX=0x0000000000000030 is an unknown value
RSP=0x00000017d08f6e40 is pointing into the stack for thread: 0x000001e48c8d8000
RBP=0x0000000000000000 is an unknown value
RSI=0x000001e497e40660 is an unknown value
RDI=0x000001e4a2c8a010 is an unknown value
R8 =0x0000000000000000 is an unknown value
R9 =0x0000000000000000 is an unknown value
R10=0x0000000000000003 is an unknown value
R11=0x00000017d08f6e30 is pointing into the stack for thread: 0x000001e48c8d8000
R12=0x0000000000000000 is an unknown value
R13=0x00000017d08f70d8 is pointing into the stack for thread: 0x000001e48c8d8000
R14=0x0000000000000000 is an unknown value
R15=0x000001e48c8d8000 is a thread


Registers:
RAX=0x00000017d08f6ed8, RBX=0x2d2d2d2d2d2d2d2d, RCX=0x000001e497e40660, RDX=0x0000000000000030
RSP=0x00000017d08f6e40, RBP=0x0000000000000000, RSI=0x000001e497e40660, RDI=0x000001e4a2c8a010
R8 =0x0000000000000000, R9 =0x0000000000000000, R10=0x0000000000000003, R11=0x00000017d08f6e30
R12=0x0000000000000000, R13=0x00000017d08f70d8, R14=0x0000000000000000, R15=0x000001e48c8d8000
RIP=0x00007ffa5d86f92d, EFLAGS=0x0000000000010202

Top of Stack: (sp=0x00000017d08f6e40)
0x00000017d08f6e40:   00000017d08f6ed8 00000017d08f6ed8
0x00000017d08f6e50:   00000017d08f7080 000001e48c8d8218
0x00000017d08f6e60:   fffffffffffffffe 00656c62616d6d61
0x00000017d08f6e70:   0000000000000000 000001e4a2c8a010
0x00000017d08f6e80:   000001e48c8d8218 00007ffa5d8aabed
0x00000017d08f6e90:   000001e4a2c8a010 00007ffa00000030
0x00000017d08f6ea0:   00000017d08f7080 0000000000000000
0x00000017d08f6eb0:   fffffffffffffffe 0000000700000002
0x00000017d08f6ec0:   00000017d08f6f90 00007ffa64cfd6e8
0x00000017d08f6ed0:   0000001700000030 000001e400000030
0x00000017d08f6ee0:   000000070111b5f8 000001e4e0d4e50c
0x00000017d08f6ef0:   0000000700000001 fffffffffffffffe
0x00000017d08f6f00:   0000000000000598 00007ffa64f82147
0x00000017d08f6f10:   000001e4a7d21848 00000017d08f6f90
0x00000017d08f6f20:   0000000706a6c010 0000003000000000
0x00000017d08f6f30:   000001e48c8d8218 fffffffffffffffe 

Instructions: (pc=0x00007ffa5d86f92d)
0x00007ffa5d86f90d:   c7 44 24 20 fe ff ff ff 48 89 5c 24 50 48 89 6c
0x00007ffa5d86f91d:   24 60 41 0f b6 e9 45 8b f0 48 8b f1 48 8b 59 08
0x00007ffa5d86f92d:   48 8b 7b 08 80 7f 19 00 75 2d 66 0f 1f 84 00 00
0x00007ffa5d86f93d:   00 00 00 48 8d 4f 20 48 8d 54 24 58 e8 c2 ab ff 



---------------  P R O C E S S  ---------------

Java Threads: ( => current thread )
  0x000001e51f5cb800 JavaThread "Run Simulation Thread" [_thread_blocked, id=26420, stack(0x00000017d7800000,0x00000017d7d00000)]
  0x000001e51f5ca800 JavaThread "Image Fetcher 0" daemon [_thread_blocked, id=25560, stack(0x00000017d7300000,0x00000017d7800000)]
  0x000001e48d322800 JavaThread "Monitor File Timestamp Swing Worker Thread" [_thread_blocked, id=19824, stack(0x00000017d6e00000,0x00000017d7300000)]
  0x000001e48d328800 JavaThread "Timer-2" [_thread_blocked, id=15536, stack(0x00000017d4800000,0x00000017d4d00000)]
  0x000001e48d32b800 JavaThread "Monitor File Timestamp Swing Worker Thread" [_thread_blocked, id=7812, stack(0x00000017d6900000,0x00000017d6e00000)]
  0x000001e48d32e800 JavaThread "Timer-1" [_thread_blocked, id=17240, stack(0x00000017d5500000,0x00000017d5a00000)]
  0x000001e48d32c000 JavaThread "Monitor File Timestamp Swing Worker Thread" [_thread_blocked, id=15812, stack(0x00000017d6400000,0x00000017d6900000)]
  0x000001e48d324800 JavaThread "Timer-0" [_thread_blocked, id=22460, stack(0x00000017d5f00000,0x00000017d6400000)]
  0x000001e48d32d000 JavaThread "SyntheticaAnimation 50" daemon [_thread_blocked, id=4676, stack(0x00000017d5a00000,0x00000017d5f00000)]
  0x000001e48d321000 JavaThread "Thread-82" [_thread_in_native, id=10032, stack(0x00000017d4400000,0x00000017d4500000)]
  0x000001e48d329000 JavaThread "SyntheticaAnimation 50" daemon [_thread_blocked, id=13356, stack(0x00000017d2f00000,0x00000017d3400000)]
  0x000001e48d327000 JavaThread "Update Runs Swing Worker Thread" [_thread_blocked, id=3628, stack(0x00000017d4d00000,0x00000017d5200000)]
  0x000001e48bf17800 JavaThread "hw_ila_monitor" [_thread_blocked, id=8428, stack(0x00000017d3900000,0x00000017d3e00000)]
  0x000001e48bf12000 JavaThread "Refresh Filesets Swing Worker Thread" [_thread_blocked, id=19564, stack(0x00000017d1300000,0x00000017d1800000)]
  0x000001e48bf16800 JavaThread "SyntheticaAnimation 70" daemon [_thread_blocked, id=20356, stack(0x00000017d3400000,0x00000017d3900000)]
  0x000001e48bf15000 JavaThread "SyntheticaAnimation 25" daemon [_thread_blocked, id=6456, stack(0x00000017d2a00000,0x00000017d2f00000)]
  0x000001e48bf14800 JavaThread "SyntheticaAnimation 50" daemon [_thread_blocked, id=7584, stack(0x00000017d2500000,0x00000017d2a00000)]
  0x000001e48bf13800 JavaThread "Monitor HEventQueue Thread" [_thread_blocked, id=9576, stack(0x00000017d2000000,0x00000017d2500000)]
  0x000001e48bf13000 JavaThread "SyntheticaCleanerThread" daemon [_thread_blocked, id=3604, stack(0x00000017d1800000,0x00000017d1d00000)]
  0x000001e48bf11800 JavaThread "Batik CleanerThread" daemon [_thread_blocked, id=11468, stack(0x00000017d0900000,0x00000017d0e00000)]
  0x000001e48c85c800 JavaThread "Process Messages Thread" [_thread_blocked, id=5872, stack(0x00000017d0e00000,0x00000017d1300000)]
  0x000001e48b8d0800 JavaThread "Thread-1" [_thread_in_native, id=11484, stack(0x00000017c8400000,0x00000017c9800000)]
=>0x000001e48c8d8000 JavaThread "AWT-EventQueue-0" [_thread_in_native, id=2228, stack(0x00000017d0400000,0x00000017d0900000)]
  0x000001e48b493000 JavaThread "TimerQueue" daemon [_thread_blocked, id=7300, stack(0x00000017cfa00000,0x00000017cff00000)]
  0x000001e49b321800 JavaThread "AWT-Windows" daemon [_thread_in_native, id=17716, stack(0x00000017cf500000,0x00000017cfa00000)]
  0x000001e480f29000 JavaThread "AWT-Shutdown" [_thread_blocked, id=17968, stack(0x00000017cf000000,0x00000017cf500000)]
  0x000001e49b4c2800 JavaThread "Java2D Disposer" daemon [_thread_blocked, id=5292, stack(0x00000017ceb00000,0x00000017cf000000)]
  0x000001e4fa977000 JavaThread "Service Thread" daemon [_thread_blocked, id=17956, stack(0x00000017ce500000,0x00000017cea00000)]
  0x000001e480f07000 JavaThread "Common-Cleaner" daemon [_thread_blocked, id=7484, stack(0x00000017ce000000,0x00000017ce500000)]
  0x000001e499260000 JavaThread "Sweeper thread" daemon [_thread_blocked, id=10964, stack(0x00000017cdb00000,0x00000017ce000000)]
  0x000001e49af28000 JavaThread "C1 CompilerThread11" daemon [_thread_blocked, id=2792, stack(0x00000017cda00000,0x00000017cdb00000)]
  0x000001e49af2d800 JavaThread "C1 CompilerThread10" daemon [_thread_blocked, id=21340, stack(0x00000017cd900000,0x00000017cda00000)]
  0x000001e49af2a000 JavaThread "C1 CompilerThread9" daemon [_thread_blocked, id=17028, stack(0x00000017cd800000,0x00000017cd900000)]
  0x000001e49af2b000 JavaThread "C1 CompilerThread8" daemon [_thread_blocked, id=9300, stack(0x00000017cd700000,0x00000017cd800000)]
  0x000001e49af27000 JavaThread "C2 CompilerThread7" daemon [_thread_blocked, id=12668, stack(0x00000017cd600000,0x00000017cd700000)]
  0x000001e49af28800 JavaThread "C2 CompilerThread6" daemon [_thread_blocked, id=15368, stack(0x00000017cd500000,0x00000017cd600000)]
  0x000001e499255800 JavaThread "C2 CompilerThread5" daemon [_thread_blocked, id=10336, stack(0x00000017cd400000,0x00000017cd500000)]
  0x000001e49924e800 JavaThread "C2 CompilerThread4" daemon [_thread_blocked, id=2408, stack(0x00000017cd300000,0x00000017cd400000)]
  0x000001e4801ed000 JavaThread "C2 CompilerThread3" daemon [_thread_blocked, id=3168, stack(0x00000017cd200000,0x00000017cd300000)]
  0x000001e4801e8000 JavaThread "C2 CompilerThread2" daemon [_thread_blocked, id=5036, stack(0x00000017cd100000,0x00000017cd200000)]
  0x000001e4801e7800 JavaThread "C2 CompilerThread1" daemon [_thread_blocked, id=4976, stack(0x00000017cd000000,0x00000017cd100000)]
  0x000001e4801d6000 JavaThread "C2 CompilerThread0" daemon [_thread_blocked, id=14408, stack(0x00000017ccf00000,0x00000017cd000000)]
  0x000001e4801d5000 JavaThread "Attach Listener" daemon [_thread_blocked, id=20432, stack(0x00000017cca00000,0x00000017ccf00000)]
  0x000001e4801d4800 JavaThread "Signal Dispatcher" daemon [_thread_blocked, id=13296, stack(0x00000017cc500000,0x00000017cca00000)]
  0x000001e499848000 JavaThread "Finalizer" daemon [_thread_blocked, id=8096, stack(0x00000017cc000000,0x00000017cc500000)]
  0x000001e499846800 JavaThread "Reference Handler" daemon [_thread_blocked, id=13180, stack(0x00000017cbb00000,0x00000017cc000000)]
  0x000001e499a55800 JavaThread "main" [_thread_blocked, id=12512, stack(0x00000017c8300000,0x00000017c8400000)]

Other Threads:
  0x000001e499955000 VMThread "VM Thread" [stack: 0x00000017cba00000,0x00000017cbb00000] [id=20236]
  0x000001e4fec0d800 WatcherThread [stack: 0x00000017cea00000,0x00000017ceb00000] [id=15424]
  0x000001e4fcc25000 GCTaskThread "GC Thread#0" [stack: 0x00000017c9b00000,0x00000017c9c00000] [id=7372]
  0x000001e4febfc800 GCTaskThread "GC Thread#1" [stack: 0x00000017c9c00000,0x00000017c9d00000] [id=14776]
  0x000001e4febfe000 GCTaskThread "GC Thread#2" [stack: 0x00000017c9d00000,0x00000017c9e00000] [id=12460]
  0x000001e4fec03000 GCTaskThread "GC Thread#3" [stack: 0x00000017c9e00000,0x00000017c9f00000] [id=15156]
  0x000001e4fec04000 GCTaskThread "GC Thread#4" [stack: 0x00000017c9f00000,0x00000017ca000000] [id=4228]
  0x000001e4fec04800 GCTaskThread "GC Thread#5" [stack: 0x00000017ca000000,0x00000017ca100000] [id=13128]
  0x000001e4fec05000 GCTaskThread "GC Thread#6" [stack: 0x00000017ca100000,0x00000017ca200000] [id=5676]
  0x000001e4fec05800 GCTaskThread "GC Thread#7" [stack: 0x00000017ca200000,0x00000017ca300000] [id=3992]
  0x000001e4febff000 GCTaskThread "GC Thread#8" [stack: 0x00000017ca300000,0x00000017ca400000] [id=16556]
  0x000001e4fec07000 GCTaskThread "GC Thread#9" [stack: 0x00000017ca400000,0x00000017ca500000] [id=17172]
  0x000001e4fec06800 GCTaskThread "GC Thread#10" [stack: 0x00000017ca500000,0x00000017ca600000] [id=9712]
  0x000001e4fec00000 GCTaskThread "GC Thread#11" [stack: 0x00000017ca600000,0x00000017ca700000] [id=3120]
  0x000001e4fec0c000 GCTaskThread "GC Thread#12" [stack: 0x00000017ca700000,0x00000017ca800000] [id=2236]
  0x000001e480ef3800 ConcurrentGCThread "G1 Main Marker" [stack: 0x00000017cb600000,0x00000017cb700000] [id=19392]
  0x000001e4fec0b800 ConcurrentGCThread "G1 Marker#0" [stack: 0x00000017cb700000,0x00000017cb800000] [id=1372]
  0x000001e4fec0c800 ConcurrentGCThread "G1 Marker#1" [stack: 0x00000017cb800000,0x00000017cb900000] [id=7028]
  0x000001e4fec09000 ConcurrentGCThread "G1 Marker#2" [stack: 0x00000017cb900000,0x00000017cba00000] [id=15440]
  0x000001e49aebd000 ConcurrentGCThread "G1 Refine#0" [stack: 0x00000017cb400000,0x00000017cb500000] [id=14456]
  0x000001e49aebc800 ConcurrentGCThread "G1 Refine#1" [stack: 0x00000017cb300000,0x00000017cb400000] [id=3548]
  0x000001e499d29800 ConcurrentGCThread "G1 Refine#2" [stack: 0x00000017cb200000,0x00000017cb300000] [id=12776]
  0x000001e499d29000 ConcurrentGCThread "G1 Refine#3" [stack: 0x00000017cb100000,0x00000017cb200000] [id=10180]
  0x000001e499d28800 ConcurrentGCThread "G1 Refine#4" [stack: 0x00000017cb000000,0x00000017cb100000] [id=16004]
  0x000001e499d27800 ConcurrentGCThread "G1 Refine#5" [stack: 0x00000017caf00000,0x00000017cb000000] [id=15612]
  0x000001e49a7dd000 ConcurrentGCThread "G1 Refine#6" [stack: 0x00000017cae00000,0x00000017caf00000] [id=9500]
  0x000001e49a7db800 ConcurrentGCThread "G1 Refine#7" [stack: 0x00000017cad00000,0x00000017cae00000] [id=10860]
  0x000001e49a642800 ConcurrentGCThread "G1 Refine#8" [stack: 0x00000017cac00000,0x00000017cad00000] [id=20468]
  0x000001e49a641800 ConcurrentGCThread "G1 Refine#9" [stack: 0x00000017cab00000,0x00000017cac00000] [id=12040]
  0x000001e4f92b2800 ConcurrentGCThread "G1 Refine#10" [stack: 0x00000017caa00000,0x00000017cab00000] [id=14060]
  0x000001e4f92b2000 ConcurrentGCThread "G1 Refine#11" [stack: 0x00000017ca900000,0x00000017caa00000] [id=2276]
  0x000001e49990f000 ConcurrentGCThread "G1 Refine#12" [stack: 0x00000017ca800000,0x00000017ca900000] [id=15820]
  0x000001e49a7b5800 ConcurrentGCThread "G1 Young RemSet Sampling" [stack: 0x00000017cb500000,0x00000017cb600000] [id=17492]

Threads with active compile tasks:

VM state:not at safepoint (normal execution)

VM Mutex/Monitor currently owned by a thread: None

Heap address: 0x0000000700000000, size: 3072 MB, Compressed Oops mode: Zero based, Oop shift amount: 3
Narrow klass base: 0x0000000000000000, Narrow klass shift: 3
Compressed class space size: 1073741824 Address: 0x00000007c0000000

Heap:
 garbage-first heap   total 316416K, used 123827K [0x0000000700000000, 0x00000007001009a8, 0x00000007c0000000)
  region size 1024K, 8 young (8192K), 1 survivors (1024K)
 Metaspace       used 91559K, capacity 98231K, committed 98432K, reserved 1134592K
  class space    used 13066K, capacity 14199K, committed 14208K, reserved 1048576K
Heap Regions: E=young(eden), S=young(survivor), O=old, HS=humongous(starts), HC=humongous(continues), CS=collection set, F=free, A=archive, TS=gc time stamp, AC=allocation context, TAMS=top-at-mark-start (previous, next)
|   0|0x0000000700000000, 0x00000007000ff980, 0x0000000700100000| 99%| O|  |TS  0|AC  0|TAMS 0x0000000700000000, 0x0000000700000000|
|   1|0x0000000700100000, 0x00000007001f59c0, 0x0000000700200000| 95%| O|  |TS  0|AC  0|TAMS 0x0000000700100000, 0x0000000700100000|
|   2|0x0000000700200000, 0x0000000700300000, 0x0000000700300000|100%|HS|  |TS  0|AC  0|TAMS 0x0000000700200000, 0x0000000700200000|
|   3|0x0000000700300000, 0x0000000700400000, 0x0000000700400000|100%|HC|  |TS  0|AC  0|TAMS 0x0000000700300000, 0x0000000700300000|
|   4|0x0000000700400000, 0x0000000700500000, 0x0000000700500000|100%|HS|  |TS  0|AC  0|TAMS 0x0000000700400000, 0x0000000700400000|
|   5|0x0000000700500000, 0x00000007005fc6a0, 0x0000000700600000| 98%| O|  |TS  0|AC  0|TAMS 0x0000000700500000, 0x0000000700500000|
|   6|0x0000000700600000, 0x00000007006ffff0, 0x0000000700700000| 99%| O|  |TS  0|AC  0|TAMS 0x0000000700600000, 0x0000000700600000|
|   7|0x0000000700700000, 0x00000007007fad28, 0x0000000700800000| 97%| O|  |TS  0|AC  0|TAMS 0x0000000700700000, 0x0000000700700000|
|   8|0x0000000700800000, 0x00000007008fb988, 0x0000000700900000| 98%| O|  |TS  0|AC  0|TAMS 0x0000000700800000, 0x0000000700800000|
|   9|0x0000000700900000, 0x00000007009fe9a0, 0x0000000700a00000| 99%| O|  |TS  0|AC  0|TAMS 0x0000000700900000, 0x0000000700900000|
|  10|0x0000000700a00000, 0x0000000700affff0, 0x0000000700b00000| 99%| O|  |TS  0|AC  0|TAMS 0x0000000700a00000, 0x0000000700a00000|
|  11|0x0000000700b00000, 0x0000000700bffff0, 0x0000000700c00000| 99%| O|  |TS  0|AC  0|TAMS 0x0000000700b00000, 0x0000000700b00000|
|  12|0x0000000700c00000, 0x0000000700cffff8, 0x0000000700d00000| 99%| O|  |TS  0|AC  0|TAMS 0x0000000700c00000, 0x0000000700c00000|
|  13|0x0000000700d00000, 0x0000000700dfffd8, 0x0000000700e00000| 99%| O|  |TS  0|AC  0|TAMS 0x0000000700d00000, 0x0000000700d00000|
|  14|0x0000000700e00000, 0x0000000700efff70, 0x0000000700f00000| 99%| O|  |TS  0|AC  0|TAMS 0x0000000700e00000, 0x0000000700e00000|
|  15|0x0000000700f00000, 0x0000000700ffff38, 0x0000000701000000| 99%| O|  |TS  0|AC  0|TAMS 0x0000000700f00000, 0x0000000700f00000|
|  16|0x0000000701000000, 0x00000007010fffe0, 0x0000000701100000| 99%| O|  |TS  0|AC  0|TAMS 0x0000000701000000, 0x0000000701000000|
|  17|0x0000000701100000, 0x00000007011fff88, 0x0000000701200000| 99%| O|  |TS  0|AC  0|TAMS 0x0000000701100000, 0x0000000701100000|
|  18|0x0000000701200000, 0x00000007012fffe0, 0x0000000701300000| 99%| O|  |TS  0|AC  0|TAMS 0x0000000701200000, 0x0000000701200000|
|  19|0x0000000701300000, 0x0000000701400000, 0x0000000701400000|100%| O|  |TS  0|AC  0|TAMS 0x0000000701300000, 0x0000000701300000|
|  20|0x0000000701400000, 0x0000000701500000, 0x0000000701500000|100%| O|  |TS  0|AC  0|TAMS 0x0000000701400000, 0x0000000701400000|
|  21|0x0000000701500000, 0x00000007015ffff8, 0x0000000701600000| 99%| O|  |TS  0|AC  0|TAMS 0x0000000701500000, 0x0000000701500000|
|  22|0x0000000701600000, 0x0000000701700000, 0x0000000701700000|100%|HS|  |TS  0|AC  0|TAMS 0x0000000701600000, 0x0000000701600000|
|  23|0x0000000701700000, 0x0000000701800000, 0x0000000701800000|100%|HC|  |TS  0|AC  0|TAMS 0x0000000701700000, 0x0000000701700000|
|  24|0x0000000701800000, 0x00000007018fffd8, 0x0000000701900000| 99%| O|  |TS  0|AC  0|TAMS 0x0000000701800000, 0x0000000701800000|
|  25|0x0000000701900000, 0x00000007019ffff0, 0x0000000701a00000| 99%| O|  |TS  0|AC  0|TAMS 0x0000000701900000, 0x0000000701900000|
|  26|0x0000000701a00000, 0x0000000701b00000, 0x0000000701b00000|100%|HS|  |TS  0|AC  0|TAMS 0x0000000701a00000, 0x0000000701a00000|
|  27|0x0000000701b00000, 0x0000000701c00000, 0x0000000701c00000|100%|HS|  |TS  0|AC  0|TAMS 0x0000000701b00000, 0x0000000701b00000|
|  28|0x0000000701c00000, 0x0000000701cffff8, 0x0000000701d00000| 99%| O|  |TS  0|AC  0|TAMS 0x0000000701c00000, 0x0000000701c00000|
|  29|0x0000000701d00000, 0x0000000701dfff90, 0x0000000701e00000| 99%| O|  |TS  0|AC  0|TAMS 0x0000000701d00000, 0x0000000701d00000|
|  30|0x0000000701e00000, 0x0000000701f00000, 0x0000000701f00000|100%| O|  |TS  0|AC  0|TAMS 0x0000000701e00000, 0x0000000701e00000|
|  31|0x0000000701f00000, 0x0000000701fffdf0, 0x0000000702000000| 99%| O|  |TS  0|AC  0|TAMS 0x0000000701f00000, 0x0000000701f00000|
|  32|0x0000000702000000, 0x0000000702100000, 0x0000000702100000|100%| O|  |TS  0|AC  0|TAMS 0x0000000702000000, 0x0000000702000000|
|  33|0x0000000702100000, 0x0000000702200000, 0x0000000702200000|100%| O|  |TS  0|AC  0|TAMS 0x0000000702100000, 0x0000000702100000|
|  34|0x0000000702200000, 0x00000007022fffe0, 0x0000000702300000| 99%| O|  |TS  0|AC  0|TAMS 0x0000000702200000, 0x0000000702200000|
|  35|0x0000000702300000, 0x00000007023ffff8, 0x0000000702400000| 99%| O|  |TS  0|AC  0|TAMS 0x0000000702300000, 0x0000000702300000|
|  36|0x0000000702400000, 0x00000007024fffe0, 0x0000000702500000| 99%| O|  |TS  0|AC  0|TAMS 0x0000000702400000, 0x0000000702400000|
|  37|0x0000000702500000, 0x00000007025fffe8, 0x0000000702600000| 99%| O|  |TS  0|AC  0|TAMS 0x0000000702500000, 0x0000000702500000|
|  38|0x0000000702600000, 0x00000007026ffff8, 0x0000000702700000| 99%| O|  |TS  0|AC  0|TAMS 0x0000000702600000, 0x0000000702600000|
|  39|0x0000000702700000, 0x00000007027ffff0, 0x0000000702800000| 99%| O|  |TS  0|AC  0|TAMS 0x0000000702700000, 0x0000000702700000|
|  40|0x0000000702800000, 0x00000007028ffff0, 0x0000000702900000| 99%| O|  |TS  0|AC  0|TAMS 0x0000000702800000, 0x0000000702800000|
|  41|0x0000000702900000, 0x00000007029ffe90, 0x0000000702a00000| 99%| O|  |TS  0|AC  0|TAMS 0x0000000702900000, 0x0000000702900000|
|  42|0x0000000702a00000, 0x0000000702affff0, 0x0000000702b00000| 99%| O|  |TS  0|AC  0|TAMS 0x0000000702a00000, 0x0000000702a00000|
|  43|0x0000000702b00000, 0x0000000702bffc00, 0x0000000702c00000| 99%| O|  |TS  0|AC  0|TAMS 0x0000000702b00000, 0x0000000702b00000|
|  44|0x0000000702c00000, 0x0000000702cfffe8, 0x0000000702d00000| 99%| O|  |TS  0|AC  0|TAMS 0x0000000702c00000, 0x0000000702c00000|
|  45|0x0000000702d00000, 0x0000000702dffda8, 0x0000000702e00000| 99%| O|  |TS  0|AC  0|TAMS 0x0000000702d00000, 0x0000000702d00000|
|  46|0x0000000702e00000, 0x0000000702efff48, 0x0000000702f00000| 99%| O|  |TS  0|AC  0|TAMS 0x0000000702e00000, 0x0000000702e00000|
|  47|0x0000000702f00000, 0x0000000702ffff88, 0x0000000703000000| 99%| O|  |TS  0|AC  0|TAMS 0x0000000702f00000, 0x0000000702f00000|
|  48|0x0000000703000000, 0x00000007030ffff8, 0x0000000703100000| 99%| O|  |TS  0|AC  0|TAMS 0x0000000703000000, 0x0000000703000000|
|  49|0x0000000703100000, 0x0000000703200000, 0x0000000703200000|100%| O|  |TS  0|AC  0|TAMS 0x0000000703100000, 0x0000000703100000|
|  50|0x0000000703200000, 0x00000007032ff718, 0x0000000703300000| 99%| O|  |TS  0|AC  0|TAMS 0x0000000703200000, 0x0000000703200000|
|  51|0x0000000703300000, 0x00000007033fffd0, 0x0000000703400000| 99%| O|  |TS  0|AC  0|TAMS 0x0000000703300000, 0x0000000703300000|
|  52|0x0000000703400000, 0x00000007034f5b20, 0x0000000703500000| 95%| O|  |TS  0|AC  0|TAMS 0x0000000703400000, 0x0000000703400000|
|  53|0x0000000703500000, 0x0000000703600000, 0x0000000703600000|100%|HS|  |TS  0|AC  0|TAMS 0x0000000703500000, 0x0000000703500000|
|  54|0x0000000703600000, 0x0000000703700000, 0x0000000703700000|100%| O|  |TS  0|AC  0|TAMS 0x0000000703600000, 0x0000000703600000|
|  55|0x0000000703700000, 0x00000007037ff4d8, 0x0000000703800000| 99%| O|  |TS  0|AC  0|TAMS 0x0000000703700000, 0x0000000703700000|
|  56|0x0000000703800000, 0x00000007038ffff8, 0x0000000703900000| 99%| O|  |TS  0|AC  0|TAMS 0x0000000703800000, 0x0000000703800000|
|  57|0x0000000703900000, 0x00000007039fffd0, 0x0000000703a00000| 99%| O|  |TS  0|AC  0|TAMS 0x0000000703900000, 0x0000000703900000|
|  58|0x0000000703a00000, 0x0000000703affff8, 0x0000000703b00000| 99%| O|  |TS  0|AC  0|TAMS 0x0000000703a00000, 0x0000000703a00000|
|  59|0x0000000703b00000, 0x0000000703bfffb8, 0x0000000703c00000| 99%| O|  |TS  0|AC  0|TAMS 0x0000000703b00000, 0x0000000703b00000|
|  60|0x0000000703c00000, 0x0000000703cffff0, 0x0000000703d00000| 99%| O|  |TS  0|AC  0|TAMS 0x0000000703c00000, 0x0000000703c00000|
|  61|0x0000000703d00000, 0x0000000703dffff8, 0x0000000703e00000| 99%| O|  |TS  0|AC  0|TAMS 0x0000000703d00000, 0x0000000703d00000|
|  62|0x0000000703e00000, 0x0000000703effff0, 0x0000000703f00000| 99%| O|  |TS  0|AC  0|TAMS 0x0000000703e00000, 0x0000000703e00000|
|  63|0x0000000703f00000, 0x0000000703fffad0, 0x0000000704000000| 99%| O|  |TS  0|AC  0|TAMS 0x0000000703f00000, 0x0000000703f00000|
|  64|0x0000000704000000, 0x0000000704100000, 0x0000000704100000|100%| O|  |TS  0|AC  0|TAMS 0x0000000704000000, 0x0000000704000000|
|  65|0x0000000704100000, 0x00000007041fffd8, 0x0000000704200000| 99%| O|  |TS  0|AC  0|TAMS 0x0000000704100000, 0x0000000704100000|
|  66|0x0000000704200000, 0x00000007042fffe8, 0x0000000704300000| 99%| O|  |TS  0|AC  0|TAMS 0x0000000704200000, 0x0000000704200000|
|  67|0x0000000704300000, 0x00000007043fffc0, 0x0000000704400000| 99%| O|  |TS  0|AC  0|TAMS 0x0000000704300000, 0x0000000704300000|
|  68|0x0000000704400000, 0x00000007044ffff0, 0x0000000704500000| 99%| O|  |TS  0|AC  0|TAMS 0x0000000704400000, 0x0000000704400000|
|  69|0x0000000704500000, 0x00000007045ffff8, 0x0000000704600000| 99%| O|  |TS  0|AC  0|TAMS 0x0000000704500000, 0x0000000704500000|
|  70|0x0000000704600000, 0x00000007046fffe8, 0x0000000704700000| 99%| O|  |TS  0|AC  0|TAMS 0x0000000704600000, 0x0000000704600000|
|  71|0x0000000704700000, 0x0000000704800000, 0x0000000704800000|100%| O|  |TS  0|AC  0|TAMS 0x0000000704700000, 0x0000000704700000|
|  72|0x0000000704800000, 0x0000000704900000, 0x0000000704900000|100%|HS|  |TS  0|AC  0|TAMS 0x0000000704800000, 0x0000000704800000|
|  73|0x0000000704900000, 0x0000000704a00000, 0x0000000704a00000|100%|HC|  |TS  0|AC  0|TAMS 0x0000000704900000, 0x0000000704900000|
|  74|0x0000000704a00000, 0x0000000704b00000, 0x0000000704b00000|100%|HC|  |TS  0|AC  0|TAMS 0x0000000704a00000, 0x0000000704a00000|
|  75|0x0000000704b00000, 0x0000000704c00000, 0x0000000704c00000|100%|HC|  |TS  0|AC  0|TAMS 0x0000000704b00000, 0x0000000704b00000|
|  76|0x0000000704c00000, 0x0000000704d00000, 0x0000000704d00000|100%|HC|  |TS  0|AC  0|TAMS 0x0000000704c00000, 0x0000000704c00000|
|  77|0x0000000704d00000, 0x0000000704e00000, 0x0000000704e00000|100%|HC|  |TS  0|AC  0|TAMS 0x0000000704d00000, 0x0000000704d00000|
|  78|0x0000000704e00000, 0x0000000704f00000, 0x0000000704f00000|100%|HC|  |TS  0|AC  0|TAMS 0x0000000704e00000, 0x0000000704e00000|
|  79|0x0000000704f00000, 0x0000000705000000, 0x0000000705000000|100%|HC|  |TS  0|AC  0|TAMS 0x0000000704f00000, 0x0000000704f00000|
|  80|0x0000000705000000, 0x0000000705100000, 0x0000000705100000|100%|HC|  |TS  0|AC  0|TAMS 0x0000000705000000, 0x0000000705000000|
|  81|0x0000000705100000, 0x0000000705200000, 0x0000000705200000|100%|HC|  |TS  0|AC  0|TAMS 0x0000000705100000, 0x0000000705100000|
|  82|0x0000000705200000, 0x0000000705300000, 0x0000000705300000|100%|HC|  |TS  0|AC  0|TAMS 0x0000000705200000, 0x0000000705200000|
|  83|0x0000000705300000, 0x0000000705400000, 0x0000000705400000|100%|HC|  |TS  0|AC  0|TAMS 0x0000000705300000, 0x0000000705300000|
|  84|0x0000000705400000, 0x0000000705500000, 0x0000000705500000|100%|HC|  |TS  0|AC  0|TAMS 0x0000000705400000, 0x0000000705400000|
|  85|0x0000000705500000, 0x0000000705600000, 0x0000000705600000|100%|HC|  |TS  0|AC  0|TAMS 0x0000000705500000, 0x0000000705500000|
|  86|0x0000000705600000, 0x0000000705700000, 0x0000000705700000|100%|HC|  |TS  0|AC  0|TAMS 0x0000000705600000, 0x0000000705600000|
|  87|0x0000000705700000, 0x00000007057fd9f8, 0x0000000705800000| 99%| O|  |TS  0|AC  0|TAMS 0x0000000705700000, 0x0000000705700000|
|  88|0x0000000705800000, 0x00000007058fffc8, 0x0000000705900000| 99%| O|  |TS  0|AC  0|TAMS 0x0000000705800000, 0x0000000705800000|
|  89|0x0000000705900000, 0x00000007059fff40, 0x0000000705a00000| 99%| O|  |TS  0|AC  0|TAMS 0x0000000705900000, 0x0000000705900000|
|  90|0x0000000705a00000, 0x0000000705affe40, 0x0000000705b00000| 99%| O|  |TS  0|AC  0|TAMS 0x0000000705a00000, 0x0000000705a00000|
|  91|0x0000000705b00000, 0x0000000705bffff8, 0x0000000705c00000| 99%| O|  |TS  0|AC  0|TAMS 0x0000000705b00000, 0x0000000705b00000|
|  92|0x0000000705c00000, 0x0000000705d00000, 0x0000000705d00000|100%| O|  |TS  0|AC  0|TAMS 0x0000000705c00000, 0x0000000705c00000|
|  93|0x0000000705d00000, 0x0000000705dffff8, 0x0000000705e00000| 99%| O|  |TS  0|AC  0|TAMS 0x0000000705d00000, 0x0000000705d00000|
|  94|0x0000000705e00000, 0x0000000705efffe8, 0x0000000705f00000| 99%| O|  |TS  0|AC  0|TAMS 0x0000000705e00000, 0x0000000705e00000|
|  95|0x0000000705f00000, 0x0000000705ffe8a0, 0x0000000706000000| 99%| O|  |TS  0|AC  0|TAMS 0x0000000705f00000, 0x0000000705f00000|
|  96|0x0000000706000000, 0x00000007060fff80, 0x0000000706100000| 99%| O|  |TS  0|AC  0|TAMS 0x0000000706000000, 0x0000000706000000|
|  97|0x0000000706100000, 0x00000007061ffff8, 0x0000000706200000| 99%| O|  |TS  0|AC  0|TAMS 0x0000000706100000, 0x0000000706100000|
|  98|0x0000000706200000, 0x0000000706300000, 0x0000000706300000|100%| O|  |TS  0|AC  0|TAMS 0x0000000706200000, 0x0000000706200000|
|  99|0x0000000706300000, 0x00000007063ffd80, 0x0000000706400000| 99%| O|  |TS  0|AC  0|TAMS 0x0000000706300000, 0x0000000706300000|
| 100|0x0000000706400000, 0x00000007064fffe8, 0x0000000706500000| 99%| O|  |TS  0|AC  0|TAMS 0x0000000706400000, 0x0000000706400000|
| 101|0x0000000706500000, 0x00000007065fec58, 0x0000000706600000| 99%| O|  |TS  0|AC  0|TAMS 0x0000000706500000, 0x0000000706500000|
| 102|0x0000000706600000, 0x00000007066fe1a0, 0x0000000706700000| 99%| O|  |TS  0|AC  0|TAMS 0x0000000706600000, 0x0000000706600000|
| 103|0x0000000706700000, 0x00000007067fffe0, 0x0000000706800000| 99%| O|  |TS  0|AC  0|TAMS 0x0000000706700000, 0x0000000706700000|
| 104|0x0000000706800000, 0x00000007068fff00, 0x0000000706900000| 99%| O|  |TS  0|AC  0|TAMS 0x0000000706800000, 0x0000000706800000|
| 105|0x0000000706900000, 0x0000000706a00000, 0x0000000706a00000|100%| O|  |TS  0|AC  0|TAMS 0x0000000706900000, 0x0000000706900000|
| 106|0x0000000706a00000, 0x0000000706b00000, 0x0000000706b00000|100%| O|  |TS  0|AC  0|TAMS 0x0000000706a00000, 0x0000000706a00000|
| 107|0x0000000706b00000, 0x0000000706bffe90, 0x0000000706c00000| 99%| O|  |TS  0|AC  0|TAMS 0x0000000706b00000, 0x0000000706b00000|
| 108|0x0000000706c00000, 0x0000000706cfff18, 0x0000000706d00000| 99%| O|  |TS  0|AC  0|TAMS 0x0000000706c00000, 0x0000000706c00000|
| 109|0x0000000706d00000, 0x0000000706dffff8, 0x0000000706e00000| 99%| O|  |TS  0|AC  0|TAMS 0x0000000706d00000, 0x0000000706d00000|
| 110|0x0000000706e00000, 0x0000000706effff8, 0x0000000706f00000| 99%| O|  |TS  0|AC  0|TAMS 0x0000000706e00000, 0x0000000706e00000|
| 111|0x0000000706f00000, 0x0000000706ffff98, 0x0000000707000000| 99%| O|  |TS  0|AC  0|TAMS 0x0000000706f00000, 0x0000000706f00000|
| 112|0x0000000707000000, 0x0000000707100000, 0x0000000707100000|100%| O|  |TS  0|AC  0|TAMS 0x0000000707000000, 0x0000000707000000|
| 113|0x0000000707100000, 0x0000000707200000, 0x0000000707200000|100%| O|  |TS  0|AC  0|TAMS 0x0000000707100000, 0x0000000707100000|
| 114|0x0000000707200000, 0x000000070728d750, 0x0000000707300000| 55%| O|  |TS  0|AC  0|TAMS 0x0000000707200000, 0x0000000707200000|
| 115|0x0000000707300000, 0x0000000707300000, 0x0000000707400000|  0%| F|  |TS  0|AC  0|TAMS 0x0000000707300000, 0x0000000707300000|
| 116|0x0000000707400000, 0x0000000707400000, 0x0000000707500000|  0%| F|  |TS  0|AC  0|TAMS 0x0000000707400000, 0x0000000707400000|
| 117|0x0000000707500000, 0x0000000707500000, 0x0000000707600000|  0%| F|  |TS  0|AC  0|TAMS 0x0000000707500000, 0x0000000707500000|
| 118|0x0000000707600000, 0x0000000707600000, 0x0000000707700000|  0%| F|  |TS  0|AC  0|TAMS 0x0000000707600000, 0x0000000707600000|
| 119|0x0000000707700000, 0x0000000707700000, 0x0000000707800000|  0%| F|  |TS  0|AC  0|TAMS 0x0000000707700000, 0x0000000707700000|
| 120|0x0000000707800000, 0x0000000707800000, 0x0000000707900000|  0%| F|  |TS  0|AC  0|TAMS 0x0000000707800000, 0x0000000707800000|
| 121|0x0000000707900000, 0x0000000707900000, 0x0000000707a00000|  0%| F|  |TS  0|AC  0|TAMS 0x0000000707900000, 0x0000000707900000|
| 122|0x0000000707a00000, 0x0000000707a00000, 0x0000000707b00000|  0%| F|  |TS  0|AC  0|TAMS 0x0000000707a00000, 0x0000000707a00000|
| 123|0x0000000707b00000, 0x0000000707b00000, 0x0000000707c00000|  0%| F|  |TS  0|AC  0|TAMS 0x0000000707b00000, 0x0000000707b00000|
| 124|0x0000000707c00000, 0x0000000707c00000, 0x0000000707d00000|  0%| F|  |TS  0|AC  0|TAMS 0x0000000707c00000, 0x0000000707c00000|
| 125|0x0000000707d00000, 0x0000000707d00000, 0x0000000707e00000|  0%| F|  |TS  0|AC  0|TAMS 0x0000000707d00000, 0x0000000707d00000|
| 126|0x0000000707e00000, 0x0000000707e00000, 0x0000000707f00000|  0%| F|  |TS  0|AC  0|TAMS 0x0000000707e00000, 0x0000000707e00000|
| 127|0x0000000707f00000, 0x0000000707f00000, 0x0000000708000000|  0%| F|  |TS  0|AC  0|TAMS 0x0000000707f00000, 0x0000000707f00000|
| 128|0x0000000708000000, 0x0000000708000000, 0x0000000708100000|  0%| F|  |TS  0|AC  0|TAMS 0x0000000708000000, 0x0000000708000000|
| 129|0x0000000708100000, 0x0000000708100000, 0x0000000708200000|  0%| F|  |TS  0|AC  0|TAMS 0x0000000708100000, 0x0000000708100000|
| 130|0x0000000708200000, 0x0000000708200000, 0x0000000708300000|  0%| F|  |TS  0|AC  0|TAMS 0x0000000708200000, 0x0000000708200000|
| 131|0x0000000708300000, 0x0000000708300000, 0x0000000708400000|  0%| F|  |TS  0|AC  0|TAMS 0x0000000708300000, 0x0000000708300000|
| 132|0x0000000708400000, 0x0000000708400000, 0x0000000708500000|  0%| F|  |TS  0|AC  0|TAMS 0x0000000708400000, 0x0000000708400000|
| 133|0x0000000708500000, 0x0000000708500000, 0x0000000708600000|  0%| F|  |TS  0|AC  0|TAMS 0x0000000708500000, 0x0000000708500000|
| 134|0x0000000708600000, 0x0000000708600000, 0x0000000708700000|  0%| F|  |TS  0|AC  0|TAMS 0x0000000708600000, 0x0000000708600000|
| 135|0x0000000708700000, 0x0000000708700000, 0x0000000708800000|  0%| F|  |TS  0|AC  0|TAMS 0x0000000708700000, 0x0000000708700000|
| 136|0x0000000708800000, 0x0000000708800000, 0x0000000708900000|  0%| F|  |TS  0|AC  0|TAMS 0x0000000708800000, 0x0000000708800000|
| 137|0x0000000708900000, 0x0000000708900000, 0x0000000708a00000|  0%| F|  |TS  0|AC  0|TAMS 0x0000000708900000, 0x0000000708900000|
| 138|0x0000000708a00000, 0x0000000708a00000, 0x0000000708b00000|  0%| F|  |TS  0|AC  0|TAMS 0x0000000708a00000, 0x0000000708a00000|
| 139|0x0000000708b00000, 0x0000000708b00000, 0x0000000708c00000|  0%| F|  |TS  0|AC  0|TAMS 0x0000000708b00000, 0x0000000708b00000|
| 140|0x0000000708c00000, 0x0000000708c00000, 0x0000000708d00000|  0%| F|  |TS  0|AC  0|TAMS 0x0000000708c00000, 0x0000000708c00000|
| 141|0x0000000708d00000, 0x0000000708d00000, 0x0000000708e00000|  0%| F|  |TS  0|AC  0|TAMS 0x0000000708d00000, 0x0000000708d00000|
| 142|0x0000000708e00000, 0x0000000708e00000, 0x0000000708f00000|  0%| F|  |TS  0|AC  0|TAMS 0x0000000708e00000, 0x0000000708e00000|
| 143|0x0000000708f00000, 0x0000000708f00000, 0x0000000709000000|  0%| F|  |TS  0|AC  0|TAMS 0x0000000708f00000, 0x0000000708f00000|
| 144|0x0000000709000000, 0x0000000709000000, 0x0000000709100000|  0%| F|  |TS  0|AC  0|TAMS 0x0000000709000000, 0x0000000709000000|
| 145|0x0000000709100000, 0x0000000709100000, 0x0000000709200000|  0%| F|  |TS  0|AC  0|TAMS 0x0000000709100000, 0x0000000709100000|
| 146|0x0000000709200000, 0x0000000709200000, 0x0000000709300000|  0%| F|  |TS  0|AC  0|TAMS 0x0000000709200000, 0x0000000709200000|
| 147|0x0000000709300000, 0x0000000709300000, 0x0000000709400000|  0%| F|  |TS  0|AC  0|TAMS 0x0000000709300000, 0x0000000709300000|
| 148|0x0000000709400000, 0x0000000709400000, 0x0000000709500000|  0%| F|  |TS  0|AC  0|TAMS 0x0000000709400000, 0x0000000709400000|
| 149|0x0000000709500000, 0x0000000709500000, 0x0000000709600000|  0%| F|  |TS  0|AC  0|TAMS 0x0000000709500000, 0x0000000709500000|
| 150|0x0000000709600000, 0x0000000709600000, 0x0000000709700000|  0%| F|  |TS  0|AC  0|TAMS 0x0000000709600000, 0x0000000709600000|
| 151|0x0000000709700000, 0x0000000709700000, 0x0000000709800000|  0%| F|  |TS  0|AC  0|TAMS 0x0000000709700000, 0x0000000709700000|
| 152|0x0000000709800000, 0x0000000709800000, 0x0000000709900000|  0%| F|  |TS  0|AC  0|TAMS 0x0000000709800000, 0x0000000709800000|
| 153|0x0000000709900000, 0x0000000709900000, 0x0000000709a00000|  0%| F|  |TS  0|AC  0|TAMS 0x0000000709900000, 0x0000000709900000|
| 154|0x0000000709a00000, 0x0000000709a00000, 0x0000000709b00000|  0%| F|  |TS  0|AC  0|TAMS 0x0000000709a00000, 0x0000000709a00000|
| 155|0x0000000709b00000, 0x0000000709b00000, 0x0000000709c00000|  0%| F|  |TS  0|AC  0|TAMS 0x0000000709b00000, 0x0000000709b00000|
| 156|0x0000000709c00000, 0x0000000709c00000, 0x0000000709d00000|  0%| F|  |TS  0|AC  0|TAMS 0x0000000709c00000, 0x0000000709c00000|
| 157|0x0000000709d00000, 0x0000000709d00000, 0x0000000709e00000|  0%| F|  |TS  0|AC  0|TAMS 0x0000000709d00000, 0x0000000709d00000|
| 158|0x0000000709e00000, 0x0000000709e00000, 0x0000000709f00000|  0%| F|  |TS  0|AC  0|TAMS 0x0000000709e00000, 0x0000000709e00000|
| 159|0x0000000709f00000, 0x0000000709f00000, 0x000000070a000000|  0%| F|  |TS  0|AC  0|TAMS 0x0000000709f00000, 0x0000000709f00000|
| 160|0x000000070a000000, 0x000000070a000000, 0x000000070a100000|  0%| F|  |TS  0|AC  0|TAMS 0x000000070a000000, 0x000000070a000000|
| 161|0x000000070a100000, 0x000000070a100000, 0x000000070a200000|  0%| F|  |TS  0|AC  0|TAMS 0x000000070a100000, 0x000000070a100000|
| 162|0x000000070a200000, 0x000000070a200000, 0x000000070a300000|  0%| F|  |TS  0|AC  0|TAMS 0x000000070a200000, 0x000000070a200000|
| 163|0x000000070a300000, 0x000000070a300000, 0x000000070a400000|  0%| F|  |TS  0|AC  0|TAMS 0x000000070a300000, 0x000000070a300000|
| 164|0x000000070a400000, 0x000000070a400000, 0x000000070a500000|  0%| F|  |TS  0|AC  0|TAMS 0x000000070a400000, 0x000000070a400000|
| 165|0x000000070a500000, 0x000000070a500000, 0x000000070a600000|  0%| F|  |TS  0|AC  0|TAMS 0x000000070a500000, 0x000000070a500000|
| 166|0x000000070a600000, 0x000000070a600000, 0x000000070a700000|  0%| F|  |TS  0|AC  0|TAMS 0x000000070a600000, 0x000000070a600000|
| 167|0x000000070a700000, 0x000000070a700000, 0x000000070a800000|  0%| F|  |TS  0|AC  0|TAMS 0x000000070a700000, 0x000000070a700000|
| 168|0x000000070a800000, 0x000000070a800000, 0x000000070a900000|  0%| F|  |TS  0|AC  0|TAMS 0x000000070a800000, 0x000000070a800000|
| 169|0x000000070a900000, 0x000000070a900000, 0x000000070aa00000|  0%| F|  |TS  0|AC  0|TAMS 0x000000070a900000, 0x000000070a900000|
| 170|0x000000070aa00000, 0x000000070aa00000, 0x000000070ab00000|  0%| F|  |TS  0|AC  0|TAMS 0x000000070aa00000, 0x000000070aa00000|
| 171|0x000000070ab00000, 0x000000070ab00000, 0x000000070ac00000|  0%| F|  |TS  0|AC  0|TAMS 0x000000070ab00000, 0x000000070ab00000|
| 172|0x000000070ac00000, 0x000000070ac00000, 0x000000070ad00000|  0%| F|  |TS  0|AC  0|TAMS 0x000000070ac00000, 0x000000070ac00000|
| 173|0x000000070ad00000, 0x000000070ad00000, 0x000000070ae00000|  0%| F|  |TS  0|AC  0|TAMS 0x000000070ad00000, 0x000000070ad00000|
| 174|0x000000070ae00000, 0x000000070ae00000, 0x000000070af00000|  0%| F|  |TS  0|AC  0|TAMS 0x000000070ae00000, 0x000000070ae00000|
| 175|0x000000070af00000, 0x000000070af00000, 0x000000070b000000|  0%| F|  |TS  0|AC  0|TAMS 0x000000070af00000, 0x000000070af00000|
| 176|0x000000070b000000, 0x000000070b000000, 0x000000070b100000|  0%| F|  |TS  0|AC  0|TAMS 0x000000070b000000, 0x000000070b000000|
| 177|0x000000070b100000, 0x000000070b100000, 0x000000070b200000|  0%| F|  |TS  0|AC  0|TAMS 0x000000070b100000, 0x000000070b100000|
| 178|0x000000070b200000, 0x000000070b200000, 0x000000070b300000|  0%| F|  |TS  0|AC  0|TAMS 0x000000070b200000, 0x000000070b200000|
| 179|0x000000070b300000, 0x000000070b300000, 0x000000070b400000|  0%| F|  |TS  0|AC  0|TAMS 0x000000070b300000, 0x000000070b300000|
| 180|0x000000070b400000, 0x000000070b400000, 0x000000070b500000|  0%| F|  |TS  0|AC  0|TAMS 0x000000070b400000, 0x000000070b400000|
| 181|0x000000070b500000, 0x000000070b500000, 0x000000070b600000|  0%| F|  |TS  0|AC  0|TAMS 0x000000070b500000, 0x000000070b500000|
| 182|0x000000070b600000, 0x000000070b600000, 0x000000070b700000|  0%| F|  |TS  0|AC  0|TAMS 0x000000070b600000, 0x000000070b600000|
| 183|0x000000070b700000, 0x000000070b700000, 0x000000070b800000|  0%| F|  |TS  0|AC  0|TAMS 0x000000070b700000, 0x000000070b700000|
| 184|0x000000070b800000, 0x000000070b800000, 0x000000070b900000|  0%| F|  |TS  0|AC  0|TAMS 0x000000070b800000, 0x000000070b800000|
| 185|0x000000070b900000, 0x000000070b900000, 0x000000070ba00000|  0%| F|  |TS  0|AC  0|TAMS 0x000000070b900000, 0x000000070b900000|
| 186|0x000000070ba00000, 0x000000070ba00000, 0x000000070bb00000|  0%| F|  |TS  0|AC  0|TAMS 0x000000070ba00000, 0x000000070ba00000|
| 187|0x000000070bb00000, 0x000000070bb00000, 0x000000070bc00000|  0%| F|  |TS  0|AC  0|TAMS 0x000000070bb00000, 0x000000070bb00000|
| 188|0x000000070bc00000, 0x000000070bc00000, 0x000000070bd00000|  0%| F|  |TS  0|AC  0|TAMS 0x000000070bc00000, 0x000000070bc00000|
| 189|0x000000070bd00000, 0x000000070bd00000, 0x000000070be00000|  0%| F|  |TS  0|AC  0|TAMS 0x000000070bd00000, 0x000000070bd00000|
| 190|0x000000070be00000, 0x000000070be00000, 0x000000070bf00000|  0%| F|  |TS  0|AC  0|TAMS 0x000000070be00000, 0x000000070be00000|
| 191|0x000000070bf00000, 0x000000070bf00000, 0x000000070c000000|  0%| F|  |TS  0|AC  0|TAMS 0x000000070bf00000, 0x000000070bf00000|
| 192|0x000000070c000000, 0x000000070c000000, 0x000000070c100000|  0%| F|  |TS  0|AC  0|TAMS 0x000000070c000000, 0x000000070c000000|
| 193|0x000000070c100000, 0x000000070c100000, 0x000000070c200000|  0%| F|  |TS  0|AC  0|TAMS 0x000000070c100000, 0x000000070c100000|
| 194|0x000000070c200000, 0x000000070c200000, 0x000000070c300000|  0%| F|  |TS  0|AC  0|TAMS 0x000000070c200000, 0x000000070c200000|
| 195|0x000000070c300000, 0x000000070c300000, 0x000000070c400000|  0%| F|  |TS  0|AC  0|TAMS 0x000000070c300000, 0x000000070c300000|
| 196|0x000000070c400000, 0x000000070c400000, 0x000000070c500000|  0%| F|  |TS  0|AC  0|TAMS 0x000000070c400000, 0x000000070c400000|
| 197|0x000000070c500000, 0x000000070c500000, 0x000000070c600000|  0%| F|  |TS  0|AC  0|TAMS 0x000000070c500000, 0x000000070c500000|
| 198|0x000000070c600000, 0x000000070c600000, 0x000000070c700000|  0%| F|  |TS  0|AC  0|TAMS 0x000000070c600000, 0x000000070c600000|
| 199|0x000000070c700000, 0x000000070c700000, 0x000000070c800000|  0%| F|  |TS  0|AC  0|TAMS 0x000000070c700000, 0x000000070c700000|
| 200|0x000000070c800000, 0x000000070c800000, 0x000000070c900000|  0%| F|  |TS  0|AC  0|TAMS 0x000000070c800000, 0x000000070c800000|
| 201|0x000000070c900000, 0x000000070c900000, 0x000000070ca00000|  0%| F|  |TS  0|AC  0|TAMS 0x000000070c900000, 0x000000070c900000|
| 202|0x000000070ca00000, 0x000000070ca00000, 0x000000070cb00000|  0%| F|  |TS  0|AC  0|TAMS 0x000000070ca00000, 0x000000070ca00000|
| 203|0x000000070cb00000, 0x000000070cb00000, 0x000000070cc00000|  0%| F|  |TS  0|AC  0|TAMS 0x000000070cb00000, 0x000000070cb00000|
| 204|0x000000070cc00000, 0x000000070cc00000, 0x000000070cd00000|  0%| F|  |TS  0|AC  0|TAMS 0x000000070cc00000, 0x000000070cc00000|
| 205|0x000000070cd00000, 0x000000070cd00000, 0x000000070ce00000|  0%| F|  |TS  0|AC  0|TAMS 0x000000070cd00000, 0x000000070cd00000|
| 206|0x000000070ce00000, 0x000000070ce00000, 0x000000070cf00000|  0%| F|  |TS  0|AC  0|TAMS 0x000000070ce00000, 0x000000070ce00000|
| 207|0x000000070cf00000, 0x000000070cf00000, 0x000000070d000000|  0%| F|  |TS  0|AC  0|TAMS 0x000000070cf00000, 0x000000070cf00000|
| 208|0x000000070d000000, 0x000000070d000000, 0x000000070d100000|  0%| F|  |TS  0|AC  0|TAMS 0x000000070d000000, 0x000000070d000000|
| 209|0x000000070d100000, 0x000000070d100000, 0x000000070d200000|  0%| F|  |TS  0|AC  0|TAMS 0x000000070d100000, 0x000000070d100000|
| 210|0x000000070d200000, 0x000000070d200000, 0x000000070d300000|  0%| F|  |TS  0|AC  0|TAMS 0x000000070d200000, 0x000000070d200000|
| 211|0x000000070d300000, 0x000000070d300000, 0x000000070d400000|  0%| F|  |TS  0|AC  0|TAMS 0x000000070d300000, 0x000000070d300000|
| 212|0x000000070d400000, 0x000000070d400000, 0x000000070d500000|  0%| F|  |TS  0|AC  0|TAMS 0x000000070d400000, 0x000000070d400000|
| 213|0x000000070d500000, 0x000000070d500000, 0x000000070d600000|  0%| F|  |TS  0|AC  0|TAMS 0x000000070d500000, 0x000000070d500000|
| 214|0x000000070d600000, 0x000000070d600000, 0x000000070d700000|  0%| F|  |TS  0|AC  0|TAMS 0x000000070d600000, 0x000000070d600000|
| 215|0x000000070d700000, 0x000000070d700000, 0x000000070d800000|  0%| F|  |TS  0|AC  0|TAMS 0x000000070d700000, 0x000000070d700000|
| 216|0x000000070d800000, 0x000000070d800000, 0x000000070d900000|  0%| F|  |TS  0|AC  0|TAMS 0x000000070d800000, 0x000000070d800000|
| 217|0x000000070d900000, 0x000000070d900000, 0x000000070da00000|  0%| F|  |TS  0|AC  0|TAMS 0x000000070d900000, 0x000000070d900000|
| 218|0x000000070da00000, 0x000000070da00000, 0x000000070db00000|  0%| F|  |TS  0|AC  0|TAMS 0x000000070da00000, 0x000000070da00000|
| 219|0x000000070db00000, 0x000000070db00000, 0x000000070dc00000|  0%| F|  |TS  0|AC  0|TAMS 0x000000070db00000, 0x000000070db00000|
| 220|0x000000070dc00000, 0x000000070dc00000, 0x000000070dd00000|  0%| F|  |TS  0|AC  0|TAMS 0x000000070dc00000, 0x000000070dc00000|
| 221|0x000000070dd00000, 0x000000070dd00000, 0x000000070de00000|  0%| F|  |TS  0|AC  0|TAMS 0x000000070dd00000, 0x000000070dd00000|
| 222|0x000000070de00000, 0x000000070de00000, 0x000000070df00000|  0%| F|  |TS  0|AC  0|TAMS 0x000000070de00000, 0x000000070de00000|
| 223|0x000000070df00000, 0x000000070df00000, 0x000000070e000000|  0%| F|  |TS  0|AC  0|TAMS 0x000000070df00000, 0x000000070df00000|
| 224|0x000000070e000000, 0x000000070e000000, 0x000000070e100000|  0%| F|  |TS  0|AC  0|TAMS 0x000000070e000000, 0x000000070e000000|
| 225|0x000000070e100000, 0x000000070e100000, 0x000000070e200000|  0%| F|  |TS  0|AC  0|TAMS 0x000000070e100000, 0x000000070e100000|
| 226|0x000000070e200000, 0x000000070e200000, 0x000000070e300000|  0%| F|  |TS  0|AC  0|TAMS 0x000000070e200000, 0x000000070e200000|
| 227|0x000000070e300000, 0x000000070e300000, 0x000000070e400000|  0%| F|  |TS  0|AC  0|TAMS 0x000000070e300000, 0x000000070e300000|
| 228|0x000000070e400000, 0x000000070e400000, 0x000000070e500000|  0%| F|  |TS  0|AC  0|TAMS 0x000000070e400000, 0x000000070e400000|
| 229|0x000000070e500000, 0x000000070e500000, 0x000000070e600000|  0%| F|  |TS  0|AC  0|TAMS 0x000000070e500000, 0x000000070e500000|
| 230|0x000000070e600000, 0x000000070e600000, 0x000000070e700000|  0%| F|  |TS  0|AC  0|TAMS 0x000000070e600000, 0x000000070e600000|
| 231|0x000000070e700000, 0x000000070e700000, 0x000000070e800000|  0%| F|  |TS  0|AC  0|TAMS 0x000000070e700000, 0x000000070e700000|
| 232|0x000000070e800000, 0x000000070e800000, 0x000000070e900000|  0%| F|  |TS  0|AC  0|TAMS 0x000000070e800000, 0x000000070e800000|
| 233|0x000000070e900000, 0x000000070e900000, 0x000000070ea00000|  0%| F|  |TS  0|AC  0|TAMS 0x000000070e900000, 0x000000070e900000|
| 234|0x000000070ea00000, 0x000000070ea00000, 0x000000070eb00000|  0%| F|  |TS  0|AC  0|TAMS 0x000000070ea00000, 0x000000070ea00000|
| 235|0x000000070eb00000, 0x000000070eb00000, 0x000000070ec00000|  0%| F|  |TS  0|AC  0|TAMS 0x000000070eb00000, 0x000000070eb00000|
| 236|0x000000070ec00000, 0x000000070ec00000, 0x000000070ed00000|  0%| F|  |TS  0|AC  0|TAMS 0x000000070ec00000, 0x000000070ec00000|
| 237|0x000000070ed00000, 0x000000070ed00000, 0x000000070ee00000|  0%| F|  |TS  0|AC  0|TAMS 0x000000070ed00000, 0x000000070ed00000|
| 238|0x000000070ee00000, 0x000000070ee00000, 0x000000070ef00000|  0%| F|  |TS  0|AC  0|TAMS 0x000000070ee00000, 0x000000070ee00000|
| 239|0x000000070ef00000, 0x000000070ef00000, 0x000000070f000000|  0%| F|  |TS  0|AC  0|TAMS 0x000000070ef00000, 0x000000070ef00000|
| 240|0x000000070f000000, 0x000000070f000000, 0x000000070f100000|  0%| F|  |TS  0|AC  0|TAMS 0x000000070f000000, 0x000000070f000000|
| 241|0x000000070f100000, 0x000000070f100000, 0x000000070f200000|  0%| F|  |TS  0|AC  0|TAMS 0x000000070f100000, 0x000000070f100000|
| 242|0x000000070f200000, 0x000000070f200000, 0x000000070f300000|  0%| F|  |TS  0|AC  0|TAMS 0x000000070f200000, 0x000000070f200000|
| 243|0x000000070f300000, 0x000000070f300000, 0x000000070f400000|  0%| F|  |TS  0|AC  0|TAMS 0x000000070f300000, 0x000000070f300000|
| 244|0x000000070f400000, 0x000000070f400000, 0x000000070f500000|  0%| F|  |TS  0|AC  0|TAMS 0x000000070f400000, 0x000000070f400000|
| 245|0x000000070f500000, 0x000000070f500000, 0x000000070f600000|  0%| F|  |TS  0|AC  0|TAMS 0x000000070f500000, 0x000000070f500000|
| 246|0x000000070f600000, 0x000000070f600000, 0x000000070f700000|  0%| F|  |TS  0|AC  0|TAMS 0x000000070f600000, 0x000000070f600000|
| 247|0x000000070f700000, 0x000000070f700000, 0x000000070f800000|  0%| F|  |TS  0|AC  0|TAMS 0x000000070f700000, 0x000000070f700000|
| 248|0x000000070f800000, 0x000000070f88d640, 0x000000070f900000| 55%| S|CS|TS 13|AC  0|TAMS 0x000000070f800000, 0x000000070f800000|
| 249|0x000000070f900000, 0x000000070f900000, 0x000000070fa00000|  0%| F|  |TS 13|AC  0|TAMS 0x000000070f900000, 0x000000070f900000|
| 250|0x000000070fa00000, 0x000000070fa00000, 0x000000070fb00000|  0%| F|  |TS 13|AC  0|TAMS 0x000000070fa00000, 0x000000070fa00000|
| 251|0x000000070fb00000, 0x000000070fb00000, 0x000000070fc00000|  0%| F|  |TS 13|AC  0|TAMS 0x000000070fb00000, 0x000000070fb00000|
| 252|0x000000070fc00000, 0x000000070fc00000, 0x000000070fd00000|  0%| F|  |TS 13|AC  0|TAMS 0x000000070fc00000, 0x000000070fc00000|
| 253|0x000000070fd00000, 0x000000070fd00000, 0x000000070fe00000|  0%| F|  |TS 13|AC  0|TAMS 0x000000070fd00000, 0x000000070fd00000|
| 254|0x000000070fe00000, 0x000000070fe00000, 0x000000070ff00000|  0%| F|  |TS 13|AC  0|TAMS 0x000000070fe00000, 0x000000070fe00000|
| 255|0x000000070ff00000, 0x000000070ff00000, 0x0000000710000000|  0%| F|  |TS 13|AC  0|TAMS 0x000000070ff00000, 0x000000070ff00000|
| 256|0x0000000710000000, 0x0000000710000000, 0x0000000710100000|  0%| F|  |TS 13|AC  0|TAMS 0x0000000710000000, 0x0000000710000000|
| 257|0x0000000710100000, 0x0000000710100000, 0x0000000710200000|  0%| F|  |TS 13|AC  0|TAMS 0x0000000710100000, 0x0000000710100000|
| 258|0x0000000710200000, 0x0000000710200000, 0x0000000710300000|  0%| F|  |TS 13|AC  0|TAMS 0x0000000710200000, 0x0000000710200000|
| 259|0x0000000710300000, 0x0000000710300000, 0x0000000710400000|  0%| F|  |TS 13|AC  0|TAMS 0x0000000710300000, 0x0000000710300000|
| 260|0x0000000710400000, 0x0000000710400000, 0x0000000710500000|  0%| F|  |TS 13|AC  0|TAMS 0x0000000710400000, 0x0000000710400000|
| 261|0x0000000710500000, 0x0000000710500000, 0x0000000710600000|  0%| F|  |TS 13|AC  0|TAMS 0x0000000710500000, 0x0000000710500000|
| 262|0x0000000710600000, 0x0000000710600000, 0x0000000710700000|  0%| F|  |TS 13|AC  0|TAMS 0x0000000710600000, 0x0000000710600000|
| 263|0x0000000710700000, 0x0000000710700000, 0x0000000710800000|  0%| F|  |TS 13|AC  0|TAMS 0x0000000710700000, 0x0000000710700000|
| 264|0x0000000710800000, 0x0000000710800000, 0x0000000710900000|  0%| F|  |TS 13|AC  0|TAMS 0x0000000710800000, 0x0000000710800000|
| 265|0x0000000710900000, 0x0000000710900000, 0x0000000710a00000|  0%| F|  |TS 13|AC  0|TAMS 0x0000000710900000, 0x0000000710900000|
| 266|0x0000000710a00000, 0x0000000710a00000, 0x0000000710b00000|  0%| F|  |TS 13|AC  0|TAMS 0x0000000710a00000, 0x0000000710a00000|
| 267|0x0000000710b00000, 0x0000000710b00000, 0x0000000710c00000|  0%| F|  |TS 13|AC  0|TAMS 0x0000000710b00000, 0x0000000710b00000|
| 268|0x0000000710c00000, 0x0000000710c00000, 0x0000000710d00000|  0%| F|  |TS 13|AC  0|TAMS 0x0000000710c00000, 0x0000000710c00000|
| 269|0x0000000710d00000, 0x0000000710d00000, 0x0000000710e00000|  0%| F|  |TS 13|AC  0|TAMS 0x0000000710d00000, 0x0000000710d00000|
| 270|0x0000000710e00000, 0x0000000710e00000, 0x0000000710f00000|  0%| F|  |TS 13|AC  0|TAMS 0x0000000710e00000, 0x0000000710e00000|
| 271|0x0000000710f00000, 0x0000000710f00000, 0x0000000711000000|  0%| F|  |TS 13|AC  0|TAMS 0x0000000710f00000, 0x0000000710f00000|
| 272|0x0000000711000000, 0x0000000711000000, 0x0000000711100000|  0%| F|  |TS 13|AC  0|TAMS 0x0000000711000000, 0x0000000711000000|
| 273|0x0000000711100000, 0x0000000711100000, 0x0000000711200000|  0%| F|  |TS 13|AC  0|TAMS 0x0000000711100000, 0x0000000711100000|
| 274|0x0000000711200000, 0x0000000711200000, 0x0000000711300000|  0%| F|  |TS 13|AC  0|TAMS 0x0000000711200000, 0x0000000711200000|
| 275|0x0000000711300000, 0x0000000711300000, 0x0000000711400000|  0%| F|  |TS 13|AC  0|TAMS 0x0000000711300000, 0x0000000711300000|
| 276|0x0000000711400000, 0x0000000711400000, 0x0000000711500000|  0%| F|  |TS 13|AC  0|TAMS 0x0000000711400000, 0x0000000711400000|
| 277|0x0000000711500000, 0x0000000711500000, 0x0000000711600000|  0%| F|  |TS 13|AC  0|TAMS 0x0000000711500000, 0x0000000711500000|
| 278|0x0000000711600000, 0x0000000711600000, 0x0000000711700000|  0%| F|  |TS 13|AC  0|TAMS 0x0000000711600000, 0x0000000711600000|
| 279|0x0000000711700000, 0x0000000711700000, 0x0000000711800000|  0%| F|  |TS 13|AC  0|TAMS 0x0000000711700000, 0x0000000711700000|
| 280|0x0000000711800000, 0x0000000711800000, 0x0000000711900000|  0%| F|  |TS 13|AC  0|TAMS 0x0000000711800000, 0x0000000711800000|
| 281|0x0000000711900000, 0x0000000711900000, 0x0000000711a00000|  0%| F|  |TS 13|AC  0|TAMS 0x0000000711900000, 0x0000000711900000|
| 282|0x0000000711a00000, 0x0000000711a00000, 0x0000000711b00000|  0%| F|  |TS 13|AC  0|TAMS 0x0000000711a00000, 0x0000000711a00000|
| 283|0x0000000711b00000, 0x0000000711b00000, 0x0000000711c00000|  0%| F|  |TS 13|AC  0|TAMS 0x0000000711b00000, 0x0000000711b00000|
| 284|0x0000000711c00000, 0x0000000711c00000, 0x0000000711d00000|  0%| F|  |TS 13|AC  0|TAMS 0x0000000711c00000, 0x0000000711c00000|
| 285|0x0000000711d00000, 0x0000000711d00000, 0x0000000711e00000|  0%| F|  |TS 13|AC  0|TAMS 0x0000000711d00000, 0x0000000711d00000|
| 286|0x0000000711e00000, 0x0000000711e00000, 0x0000000711f00000|  0%| F|  |TS 13|AC  0|TAMS 0x0000000711e00000, 0x0000000711e00000|
| 287|0x0000000711f00000, 0x0000000711f00000, 0x0000000712000000|  0%| F|  |TS 13|AC  0|TAMS 0x0000000711f00000, 0x0000000711f00000|
| 288|0x0000000712000000, 0x0000000712000000, 0x0000000712100000|  0%| F|  |TS 13|AC  0|TAMS 0x0000000712000000, 0x0000000712000000|
| 289|0x0000000712100000, 0x0000000712100000, 0x0000000712200000|  0%| F|  |TS 13|AC  0|TAMS 0x0000000712100000, 0x0000000712100000|
| 290|0x0000000712200000, 0x0000000712200000, 0x0000000712300000|  0%| F|  |TS 13|AC  0|TAMS 0x0000000712200000, 0x0000000712200000|
| 291|0x0000000712300000, 0x0000000712300000, 0x0000000712400000|  0%| F|  |TS 13|AC  0|TAMS 0x0000000712300000, 0x0000000712300000|
| 292|0x0000000712400000, 0x0000000712400000, 0x0000000712500000|  0%| F|  |TS 13|AC  0|TAMS 0x0000000712400000, 0x0000000712400000|
| 293|0x0000000712500000, 0x0000000712500000, 0x0000000712600000|  0%| F|  |TS 13|AC  0|TAMS 0x0000000712500000, 0x0000000712500000|
| 294|0x0000000712600000, 0x0000000712600000, 0x0000000712700000|  0%| F|  |TS 13|AC  0|TAMS 0x0000000712600000, 0x0000000712600000|
| 295|0x0000000712700000, 0x0000000712700000, 0x0000000712800000|  0%| F|  |TS 13|AC  0|TAMS 0x0000000712700000, 0x0000000712700000|
| 296|0x0000000712800000, 0x0000000712800000, 0x0000000712900000|  0%| F|  |TS 13|AC  0|TAMS 0x0000000712800000, 0x0000000712800000|
| 297|0x0000000712900000, 0x0000000712900000, 0x0000000712a00000|  0%| F|  |TS 13|AC  0|TAMS 0x0000000712900000, 0x0000000712900000|
| 298|0x0000000712a00000, 0x0000000712a00000, 0x0000000712b00000|  0%| F|  |TS 13|AC  0|TAMS 0x0000000712a00000, 0x0000000712a00000|
| 299|0x0000000712b00000, 0x0000000712b00000, 0x0000000712c00000|  0%| F|  |TS 13|AC  0|TAMS 0x0000000712b00000, 0x0000000712b00000|
| 300|0x0000000712c00000, 0x0000000712c00000, 0x0000000712d00000|  0%| F|  |TS 13|AC  0|TAMS 0x0000000712c00000, 0x0000000712c00000|
| 301|0x0000000712d00000, 0x0000000712d00000, 0x0000000712e00000|  0%| F|  |TS 13|AC  0|TAMS 0x0000000712d00000, 0x0000000712d00000|
| 302|0x0000000712e00000, 0x0000000712e5afa0, 0x0000000712f00000| 35%| E|  |TS 13|AC  0|TAMS 0x0000000712e00000, 0x0000000712e00000|
| 303|0x0000000712f00000, 0x0000000713000000, 0x0000000713000000|100%| E|CS|TS 13|AC  0|TAMS 0x0000000712f00000, 0x0000000712f00000|
| 304|0x0000000713000000, 0x0000000713100000, 0x0000000713100000|100%| E|CS|TS 13|AC  0|TAMS 0x0000000713000000, 0x0000000713000000|
| 305|0x0000000713100000, 0x0000000713200000, 0x0000000713200000|100%| E|CS|TS 13|AC  0|TAMS 0x0000000713100000, 0x0000000713100000|
| 306|0x0000000713200000, 0x0000000713300000, 0x0000000713300000|100%| E|CS|TS 13|AC  0|TAMS 0x0000000713200000, 0x0000000713200000|
| 307|0x0000000713300000, 0x0000000713400000, 0x0000000713400000|100%| E|CS|TS 13|AC  0|TAMS 0x0000000713300000, 0x0000000713300000|
| 308|0x0000000713400000, 0x0000000713500000, 0x0000000713500000|100%| E|CS|TS 13|AC  0|TAMS 0x0000000713400000, 0x0000000713400000|

Card table byte_map: [0x000001e4f7fa0000,0x000001e4f85a0000] byte_map_base: 0x000001e4f47a0000

Marking Bits (Prev, Next): (CMBitMap*) 0x000001e480ef2cb0, (CMBitMap*) 0x000001e480ef2ce8
 Prev Bits: [0x000001e480fd0000, 0x000001e483fd0000)
 Next Bits: [0x000001e483fd0000, 0x000001e486fd0000)

Polling page: 0x000001e4db580000

CodeHeap 'non-profiled nmethods': size=119168Kb used=22959Kb max_used=22959Kb free=96208Kb
 bounds [0x000001e4ef380000, 0x000001e4f09f0000, 0x000001e4f67e0000]
CodeHeap 'profiled nmethods': size=119168Kb used=49041Kb max_used=49041Kb free=70126Kb
 bounds [0x000001e4e7f20000, 0x000001e4eaf50000, 0x000001e4ef380000]
CodeHeap 'non-nmethods': size=7424Kb used=3570Kb max_used=3615Kb free=3853Kb
 bounds [0x000001e4e77e0000, 0x000001e4e7b70000, 0x000001e4e7f20000]
 total_blobs=33384 nmethods=18765 adapters=1263
 compilation: enabled

Compilation events (10 events):
Event: 6346.033 Thread 0x000001e49af28000 23013       1       com.jidesoft.editor.CodeEditor::access$2000 (5 bytes)
Event: 6346.033 Thread 0x000001e49af28000 nmethod 23013 0x000001e4f09ec490 code [0x000001e4f09ec640, 0x000001e4f09ec738]
Event: 6346.383 Thread 0x000001e49af2a000 23014       3       ui.views.F.r::showStatus (128 bytes)
Event: 6346.384 Thread 0x000001e49af2a000 nmethod 23014 0x000001e4eaf3b210 code [0x000001e4eaf3b600, 0x000001e4eaf3d6b0]
Event: 6346.745 Thread 0x000001e49af2b000 23015       3       java.util.TaskQueue::rescheduleMin (16 bytes)
Event: 6346.745 Thread 0x000001e49af2d800 23016       3       java.util.TaskQueue::fixDown (108 bytes)
Event: 6346.745 Thread 0x000001e49af28000 23017       3       ui.utils.e.a.b::run (60 bytes)
Event: 6346.745 Thread 0x000001e49af2b000 nmethod 23015 0x000001e4eaf3e110 code [0x000001e4eaf3e2c0, 0x000001e4eaf3e490]
Event: 6346.745 Thread 0x000001e49af2d800 nmethod 23016 0x000001e4eaf3e590 code [0x000001e4eaf3e780, 0x000001e4eaf3ee78]
Event: 6346.746 Thread 0x000001e49af28000 nmethod 23017 0x000001e4eaf3f110 code [0x000001e4eaf3f4c0, 0x000001e4eaf40bf0]

GC Heap History (10 events):
Event: 6343.162 GC heap before
{Heap before GC invocations=235 (full 6):
 garbage-first heap   total 316416K, used 177668K [0x0000000700000000, 0x00000007001009a8, 0x00000007c0000000)
  region size 1024K, 60 young (61440K), 1 survivors (1024K)
 Metaspace       used 91433K, capacity 98149K, committed 98176K, reserved 1132544K
  class space    used 13054K, capacity 14196K, committed 14208K, reserved 1048576K
}
Event: 6343.164 GC heap after
{Heap after GC invocations=236 (full 6):
 garbage-first heap   total 316416K, used 117252K [0x0000000700000000, 0x00000007001009a8, 0x00000007c0000000)
  region size 1024K, 1 young (1024K), 1 survivors (1024K)
 Metaspace       used 91433K, capacity 98149K, committed 98176K, reserved 1132544K
  class space    used 13054K, capacity 14196K, committed 14208K, reserved 1048576K
}
Event: 6343.299 GC heap before
{Heap before GC invocations=236 (full 6):
 garbage-first heap   total 316416K, used 177668K [0x0000000700000000, 0x00000007001009a8, 0x00000007c0000000)
  region size 1024K, 60 young (61440K), 1 survivors (1024K)
 Metaspace       used 91433K, capacity 98149K, committed 98176K, reserved 1132544K
  class space    used 13054K, capacity 14196K, committed 14208K, reserved 1048576K
}
Event: 6343.303 GC heap after
{Heap after GC invocations=237 (full 6):
 garbage-first heap   total 316416K, used 117282K [0x0000000700000000, 0x00000007001009a8, 0x00000007c0000000)
  region size 1024K, 1 young (1024K), 1 survivors (1024K)
 Metaspace       used 91433K, capacity 98149K, committed 98176K, reserved 1132544K
  class space    used 13054K, capacity 14196K, committed 14208K, reserved 1048576K
}
Event: 6343.501 GC heap before
{Heap before GC invocations=237 (full 6):
 garbage-first heap   total 316416K, used 177698K [0x0000000700000000, 0x00000007001009a8, 0x00000007c0000000)
  region size 1024K, 60 young (61440K), 1 survivors (1024K)
 Metaspace       used 91433K, capacity 98149K, committed 98176K, reserved 1132544K
  class space    used 13054K, capacity 14196K, committed 14208K, reserved 1048576K
}
Event: 6343.504 GC heap after
{Heap after GC invocations=238 (full 6):
 garbage-first heap   total 316416K, used 117303K [0x0000000700000000, 0x00000007001009a8, 0x00000007c0000000)
  region size 1024K, 1 young (1024K), 1 survivors (1024K)
 Metaspace       used 91433K, capacity 98149K, committed 98176K, reserved 1132544K
  class space    used 13054K, capacity 14196K, committed 14208K, reserved 1048576K
}
Event: 6343.658 GC heap before
{Heap before GC invocations=238 (full 6):
 garbage-first heap   total 316416K, used 177719K [0x0000000700000000, 0x00000007001009a8, 0x00000007c0000000)
  region size 1024K, 60 young (61440K), 1 survivors (1024K)
 Metaspace       used 91433K, capacity 98149K, committed 98176K, reserved 1132544K
  class space    used 13054K, capacity 14196K, committed 14208K, reserved 1048576K
}
Event: 6343.661 GC heap after
{Heap after GC invocations=239 (full 6):
 garbage-first heap   total 316416K, used 117318K [0x0000000700000000, 0x00000007001009a8, 0x00000007c0000000)
  region size 1024K, 1 young (1024K), 1 survivors (1024K)
 Metaspace       used 91433K, capacity 98149K, committed 98176K, reserved 1132544K
  class space    used 13054K, capacity 14196K, committed 14208K, reserved 1048576K
}
Event: 6346.040 GC heap before
{Heap before GC invocations=239 (full 6):
 garbage-first heap   total 316416K, used 177734K [0x0000000700000000, 0x00000007001009a8, 0x00000007c0000000)
  region size 1024K, 60 young (61440K), 1 survivors (1024K)
 Metaspace       used 91552K, capacity 98225K, committed 98432K, reserved 1134592K
  class space    used 13066K, capacity 14198K, committed 14208K, reserved 1048576K
}
Event: 6346.041 GC heap after
{Heap after GC invocations=240 (full 6):
 garbage-first heap   total 316416K, used 117683K [0x0000000700000000, 0x00000007001009a8, 0x00000007c0000000)
  region size 1024K, 1 young (1024K), 1 survivors (1024K)
 Metaspace       used 91552K, capacity 98225K, committed 98432K, reserved 1134592K
  class space    used 13066K, capacity 14198K, committed 14208K, reserved 1048576K
}

Deoptimization events (10 events):
Event: 1232.535 Thread 0x000001e48c8d8000 Uncommon trap: reason=unstable_if action=reinterpret pc=0x000001e4f00a4fb0 method=javax.swing.text.html.parser.Parser.parseContent()V @ 821 c2
Event: 1246.115 Thread 0x000001e48c8d8000 Uncommon trap: reason=unstable_if action=reinterpret pc=0x000001e4efbb3058 method=java.util.HashMap$HashIterator.<init>(Ljava/util/HashMap;)V @ 45 c2
Event: 1252.206 Thread 0x000001e48c8d8000 Uncommon trap: reason=class_check action=maybe_recompile pc=0x000001e4ef576bdc method=javax.swing.plaf.synth.SynthButtonUI.getComponentState(Ljavax/swing/JComponent;)I @ 48 c2
Event: 1252.211 Thread 0x000001e48c8d8000 Uncommon trap: reason=class_check action=maybe_recompile pc=0x000001e4f061227c method=javax.swing.plaf.synth.SynthButtonUI.getComponentState(Ljavax/swing/JComponent;)I @ 48 c2
Event: 1252.219 Thread 0x000001e48c8d8000 Uncommon trap: reason=class_check action=maybe_recompile pc=0x000001e4ef576bdc method=javax.swing.plaf.synth.SynthButtonUI.getComponentState(Ljavax/swing/JComponent;)I @ 48 c2
Event: 1252.234 Thread 0x000001e48c8d8000 Uncommon trap: reason=class_check action=maybe_recompile pc=0x000001e4ef576bdc method=javax.swing.plaf.synth.SynthButtonUI.getComponentState(Ljavax/swing/JComponent;)I @ 48 c2
Event: 1254.894 Thread 0x000001e48c8d8000 Uncommon trap: reason=array_check action=maybe_recompile pc=0x000001e4f0914fa4 method=javax.swing.SortingFocusTraversalPolicy.mergeSort([Ljava/lang/Object;[Ljava/lang/Object;IIILjava/util/Comparator;)V @ 76 c2
Event: 1254.895 Thread 0x000001e48c8d8000 Uncommon trap: reason=array_check action=maybe_recompile pc=0x000001e4f0914fa4 method=javax.swing.SortingFocusTraversalPolicy.mergeSort([Ljava/lang/Object;[Ljava/lang/Object;IIILjava/util/Comparator;)V @ 76 c2
Event: 1257.855 Thread 0x000001e48c8d8000 Uncommon trap: reason=unstable_if action=reinterpret pc=0x000001e4eff7a30c method=ui.data.experiment.S.print()V @ 30 c2
Event: 6331.847 Thread 0x000001e49b321800 Uncommon trap: reason=unstable_if action=reinterpret pc=0x000001e4f043ff60 method=java.util.IdentityHashMap.put(Ljava/lang/Object;Ljava/lang/Object;)Ljava/lang/Object; @ 38 c2

Classes redefined (0 events):
No events

Internal exceptions (10 events):
Event: 1186.290 Thread 0x000001e48c8d8000 Exception <a 'java/io/FileNotFoundException'{0x00000007101ed6b0}> (0x00000007101ed6b0) thrown at [t:/workspace/hotspot/src/share/vm/prims/jni.cpp, line 604]
Event: 1191.292 Thread 0x000001e48c8d8000 Exception <a 'java/io/FileNotFoundException'{0x0000000711a4d580}> (0x0000000711a4d580) thrown at [t:/workspace/hotspot/src/share/vm/prims/jni.cpp, line 604]
Event: 1196.292 Thread 0x000001e48c8d8000 Exception <a 'java/io/FileNotFoundException'{0x00000007133eccc0}> (0x00000007133eccc0) thrown at [t:/workspace/hotspot/src/share/vm/prims/jni.cpp, line 604]
Event: 1201.163 Thread 0x000001e48c8d8000 Exception <a 'java/io/FileNotFoundException'{0x00000007125e7d28}> (0x00000007125e7d28) thrown at [t:/workspace/hotspot/src/share/vm/prims/jni.cpp, line 604]
Event: 1201.164 Thread 0x000001e48c8d8000 Exception <a 'java/io/FileNotFoundException'{0x00000007125e8e18}> (0x00000007125e8e18) thrown at [t:/workspace/hotspot/src/share/vm/prims/jni.cpp, line 604]
Event: 1238.703 Thread 0x000001e51f5cb800 Exception <a 'ui/frmwork/CommandFailedException'{0x000000071148bf78}> (0x000000071148bf78) thrown at [t:/workspace/hotspot/src/share/vm/prims/jni.cpp, line 604]
Event: 1242.917 Thread 0x000001e51f5cd000 Exception <a 'java/lang/InterruptedException'{0x0000000712008c80}: sleep interrupted> (0x0000000712008c80) thrown at [t:/workspace/hotspot/src/share/vm/prims/jvm.cpp, line 2984]
Event: 1290.934 Thread 0x000001e51f5ca000 Exception <a 'java/lang/InterruptedException'{0x0000000712aa1758}: sleep interrupted> (0x0000000712aa1758) thrown at [t:/workspace/hotspot/src/share/vm/prims/jvm.cpp, line 2984]
Event: 1299.447 Thread 0x000001e51f5cd000 Exception <a 'ui/frmwork/CommandFailedException'{0x0000000712e83ee8}> (0x0000000712e83ee8) thrown at [t:/workspace/hotspot/src/share/vm/prims/jni.cpp, line 604]
Event: 1309.855 Thread 0x000001e51f5cd800 Exception <a 'ui/frmwork/CommandFailedException'{0x00000007129853d0}> (0x00000007129853d0) thrown at [t:/workspace/hotspot/src/share/vm/prims/jni.cpp, line 604]

Events (10 events):
Event: 6345.790 loading class ui/views/u/M
Event: 6345.790 loading class ui/views/u/M done
Event: 6346.039 Executing VM operation: G1IncCollectionPause
Event: 6346.041 Executing VM operation: G1IncCollectionPause done
Event: 6346.396 Thread 0x000001e51f5cf000 Thread added: 0x000001e51f5cf000
Event: 6346.397 Thread 0x000001e51f5cf000 Thread exited: 0x000001e51f5cf000
Event: 6347.397 Thread 0x000001e51f5cd000 Thread added: 0x000001e51f5cd000
Event: 6347.399 Thread 0x000001e51f5cd000 Thread exited: 0x000001e51f5cd000
Event: 6347.544 loading class ui/views/cd
Event: 6347.544 loading class ui/views/cd done


Dynamic libraries:
0x00007ff714fc0000 - 0x00007ff714ff0000 	D:\Vivado\2020.1\bin\unwrapped\win64.o\vivado.exe
0x00007ffb23db0000 - 0x00007ffb23fc7000 	C:\Windows\SYSTEM32\ntdll.dll
0x00007ffb21ab0000 - 0x00007ffb21b74000 	C:\Windows\System32\KERNEL32.DLL
0x00007ffb21250000 - 0x00007ffb2160a000 	C:\Windows\System32\KERNELBASE.dll
0x00007ffb21990000 - 0x00007ffb21aa1000 	C:\Windows\System32\ucrtbase.dll
0x00007ffb19150000 - 0x00007ffb191dd000 	C:\Windows\SYSTEM32\MSVCP140.dll
0x00007ffb19130000 - 0x00007ffb1914a000 	D:\Vivado\2020.1\lib\win64.o\librdi_commonmain.dll
0x00007ffb19110000 - 0x00007ffb19124000 	D:\Vivado\2020.1\lib\win64.o\libboost_signals.dll
0x00007ffb1a7a0000 - 0x00007ffb1a7be000 	C:\Windows\SYSTEM32\VCRUNTIME140.dll
0x00007ffa9dcb0000 - 0x00007ffa9ed76000 	D:\Vivado\2020.1\lib\win64.o\librdi_common.dll
0x00007ffb1a790000 - 0x00007ffb1a79c000 	C:\Windows\SYSTEM32\VCRUNTIME140_1.dll
0x00007ffb22720000 - 0x00007ffb228ce000 	C:\Windows\System32\USER32.dll
0x00007ffb211a0000 - 0x00007ffb211c6000 	C:\Windows\System32\win32u.dll
0x00007ffb23c40000 - 0x00007ffb23c69000 	C:\Windows\System32\GDI32.dll
0x00007ffb21080000 - 0x00007ffb2119b000 	C:\Windows\System32\gdi32full.dll
0x00007ffb21610000 - 0x00007ffb216aa000 	C:\Windows\System32\msvcp_win.dll
0x00007ffb190e0000 - 0x00007ffb19106000 	D:\Vivado\2020.1\lib\win64.o\libboost_filesystem.dll
0x00007ffb225b0000 - 0x00007ffb22662000 	C:\Windows\System32\ADVAPI32.dll
0x00007ffb22f40000 - 0x00007ffb22fe7000 	C:\Windows\System32\msvcrt.dll
0x00007ffb1a780000 - 0x00007ffb1a78a000 	D:\Vivado\2020.1\lib\win64.o\librdi_commonversion.dll
0x00007ffb23a90000 - 0x00007ffb23b37000 	C:\Windows\System32\sechost.dll
0x00007ffb21820000 - 0x00007ffb21848000 	C:\Windows\System32\bcrypt.dll
0x00007ffb22dd0000 - 0x00007ffb22ee4000 	C:\Windows\System32\RPCRT4.dll
0x00007ffb231f0000 - 0x00007ffb23a68000 	C:\Windows\System32\SHELL32.dll
0x00007ffaa1e00000 - 0x00007ffaa1fa1000 	D:\Vivado\2020.1\lib\win64.o\librdi_commonxillic.dll
0x00007ffb22cf0000 - 0x00007ffb22d61000 	C:\Windows\System32\WS2_32.dll
0x000000005c5b0000 - 0x000000005c6db000 	D:\Vivado\2020.1\lib\win64.o\tcl85t.dll
0x00007ffb190c0000 - 0x00007ffb190d4000 	D:\Vivado\2020.1\lib\win64.o\libboost_date_time.dll
0x00007ffaa1a90000 - 0x00007ffaa1dfe000 	D:\Vivado\2020.1\lib\win64.o\libCOIN-all.dll
0x00007ffaa7c60000 - 0x00007ffaa7cdf000 	D:\Vivado\2020.1\lib\win64.o\libboost_program_options.dll
0x00007ffaa16f0000 - 0x00007ffaa1804000 	D:\Vivado\2020.1\lib\win64.o\libboost_regex.dll
0x00007ffb190b0000 - 0x00007ffb190bb000 	D:\Vivado\2020.1\lib\win64.o\libboost_system.dll
0x00007ffb18900000 - 0x00007ffb18921000 	D:\Vivado\2020.1\lib\win64.o\libboost_thread.dll
0x00007ffb190a0000 - 0x00007ffb190af000 	D:\Vivado\2020.1\lib\win64.o\libboost_xilinx.dll
0x00007ffaa4810000 - 0x00007ffaa4892000 	D:\Vivado\2020.1\lib\win64.o\libhdlpsolve.dll
0x00007ffaa19e0000 - 0x00007ffaa1a85000 	D:\Vivado\2020.1\lib\win64.o\libhdxml.dll
0x00007ffb0dfd0000 - 0x00007ffb0dffe000 	D:\Vivado\2020.1\lib\win64.o\libisl_sysinfo.dll
0x00007ffacb9b0000 - 0x00007ffacba15000 	D:\Vivado\2020.1\lib\win64.o\liblmx6.0.dll
0x00007ffb0dfb0000 - 0x00007ffb0dfca000 	D:\Vivado\2020.1\lib\win64.o\pthreadVC2.dll
0x00007ffaebf40000 - 0x00007ffaebf5c000 	D:\Vivado\2020.1\lib\win64.o\librdiconfig.dll
0x00007ffae8c80000 - 0x00007ffae8ca1000 	D:\Vivado\2020.1\lib\win64.o\librdizlib.dll
0x00007ffa9cff0000 - 0x00007ffa9dca5a00 	D:\Vivado\2020.1\lib\win64.o\libisl_iostreams.dll
0x0000000012000000 - 0x0000000012270000 	D:\Vivado\2020.1\lib\win64.o\xerces-c_3_1.dll
0x00007ffb01610000 - 0x00007ffb01629000 	C:\Windows\SYSTEM32\NETAPI32.dll
0x00007ffb00b60000 - 0x00007ffb0105e000 	C:\Windows\SYSTEM32\WININET.dll
0x00007ffb1cb70000 - 0x00007ffb1cca6000 	C:\Windows\SYSTEM32\WINHTTP.dll
0x00007ffb03b90000 - 0x00007ffb03d80000 	C:\Windows\SYSTEM32\urlmon.dll
0x00007ffb1c710000 - 0x00007ffb1c719000 	C:\Windows\SYSTEM32\WSOCK32.dll
0x00007ffad83b0000 - 0x00007ffad83e1000 	C:\Windows\SYSTEM32\VCOMP140.DLL
0x00007ffa9c150000 - 0x00007ffa9cfe1000 	D:\Vivado\2020.1\lib\win64.o\gurobi65.dll
0x00007ffaa1410000 - 0x00007ffaa16eb000 	D:\Vivado\2020.1\lib\win64.o\libXil_lmgr11.dll
0x00007ffb23c70000 - 0x00007ffb23d70000 	C:\Windows\System32\COMDLG32.dll
0x00007ffb228d0000 - 0x00007ffb22c5f000 	C:\Windows\System32\combase.dll
0x00007ffb23b40000 - 0x00007ffb23c3a000 	C:\Windows\System32\shcore.dll
0x00007ffb22d70000 - 0x00007ffb22dce000 	C:\Windows\System32\SHLWAPI.dll
0x00007ffb19090000 - 0x00007ffb1909d000 	D:\Vivado\2020.1\lib\win64.o\libboost_chrono.dll
0x00007ffb230a0000 - 0x00007ffb23177000 	C:\Windows\System32\OLEAUT32.dll
0x00007ffb21f10000 - 0x00007ffb220b5000 	C:\Windows\System32\ole32.dll
0x00007ffb211d0000 - 0x00007ffb21242000 	C:\Windows\System32\WINTRUST.dll
0x00007ffb216b0000 - 0x00007ffb21816000 	C:\Windows\System32\CRYPT32.dll
0x00007ffae9830000 - 0x00007ffae984b000 	D:\Vivado\2020.1\lib\win64.o\libboost_iostreams.dll
0x00007ffadeaa0000 - 0x00007ffadeac5000 	D:\Vivado\2020.1\lib\win64.o\libisl_iosutils.dll
0x00007ffb038d0000 - 0x00007ffb03b8e000 	C:\Windows\SYSTEM32\iertutil.dll
0x00007ffb038a0000 - 0x00007ffb038c8000 	C:\Windows\SYSTEM32\srvcli.dll
0x00007ffb1fad0000 - 0x00007ffb1fadc000 	C:\Windows\SYSTEM32\netutils.dll
0x00007ffb0f7c0000 - 0x00007ffb0f873000 	C:\Windows\WinSxS\amd64_microsoft.windows.common-controls_6595b64144ccf1df_5.82.22621.3527_none_b43b7f4b638cc64f\COMCTL32.dll
0x00007ffb1b2a0000 - 0x00007ffb1b2bf000 	C:\Windows\SYSTEM32\dhcpcsvc.DLL
0x00007ffb20500000 - 0x00007ffb20569000 	C:\Windows\SYSTEM32\MSWSOCK.DLL
0x00007ffb23180000 - 0x00007ffb231b1000 	C:\Windows\System32\IMM32.DLL
0x00007ffb20790000 - 0x00007ffb207a2000 	C:\Windows\SYSTEM32\MSASN1.dll
0x00007ffb20090000 - 0x00007ffb200a8000 	C:\Windows\SYSTEM32\kernel.appcore.dll
0x00007ffa9bc50000 - 0x00007ffa9c14c000 	D:\Vivado\2020.1\lib\win64.o\librdi_commontasks.dll
0x00007ffb18840000 - 0x00007ffb1884a000 	C:\Windows\SYSTEM32\VERSION.dll
0x00007ffa9b960000 - 0x00007ffa9bc44000 	D:\Vivado\2020.1\lib\win64.o\librdi_sio.dll
0x000000005bb80000 - 0x000000005c5a5000 	D:\Vivado\2020.1\tps\win64\jre9.0.4\bin\server\jvm.dll
0x00007ffb231c0000 - 0x00007ffb231c8000 	C:\Windows\System32\PSAPI.DLL
0x00007ffb1fae0000 - 0x00007ffb1fb0d000 	C:\Windows\SYSTEM32\IPHLPAPI.DLL
0x00007ffb1b300000 - 0x00007ffb1b334000 	C:\Windows\SYSTEM32\WINMM.dll
0x00007ffa9b870000 - 0x00007ffa9b95f000 	D:\Vivado\2020.1\tps\win64\jre9.0.4\bin\MSVCR120.dll
0x00007ffb1ef70000 - 0x00007ffb1f878000 	C:\Windows\SYSTEM32\windows.storage.dll
0x00007ffb1ee30000 - 0x00007ffb1ef6f000 	C:\Windows\SYSTEM32\wintypes.dll
0x00007ffa991d0000 - 0x00007ffa9b865000 	D:\Vivado\2020.1\lib\win64.o\librdi_tcltasks.dll
0x00007ffa98d00000 - 0x00007ffa991c6000 	D:\Vivado\2020.1\lib\win64.o\librdi_bitstream.dll
0x00007ffaa3c60000 - 0x00007ffaa3cdb000 	D:\Vivado\2020.1\lib\win64.o\librdi_boarddep.dll
0x00007ffa98b40000 - 0x00007ffa98cf3000 	D:\Vivado\2020.1\lib\win64.o\librdi_board.dll
0x00007ffa98a40000 - 0x00007ffa98b36000 	D:\Vivado\2020.1\lib\win64.o\librdi_chipscope.dll
0x00007ffa98870000 - 0x00007ffa98a31000 	D:\Vivado\2020.1\lib\win64.o\librdi_chipscopeimpl.dll
0x00007ffa96c40000 - 0x00007ffa9886a000 	D:\Vivado\2020.1\lib\win64.o\librdi_constraints.dll
0x00007ffa96ae0000 - 0x00007ffa96c3b000 	D:\Vivado\2020.1\lib\win64.o\librdi_containers.dll
0x00007ffa8ff60000 - 0x00007ffa90639000 	D:\Vivado\2020.1\lib\win64.o\librdi_coregenipxact.dll
0x00007ffa77d40000 - 0x00007ffa7808b000 	D:\Vivado\2020.1\lib\win64.o\librdi_dlyest.dll
0x00007ffa94970000 - 0x00007ffa96add000 	D:\Vivado\2020.1\lib\win64.o\librdi_coregen.dll
0x00007ffa90640000 - 0x00007ffa9496e000 	D:\Vivado\2020.1\lib\win64.o\librdi_designutils.dll
0x00007ffa77720000 - 0x00007ffa77d3e000 	D:\Vivado\2020.1\lib\win64.o\librdi_drc.dll
0x00007ffa77650000 - 0x00007ffa77714000 	D:\Vivado\2020.1\lib\win64.o\librdi_dsp.dll
0x00007ffa76fc0000 - 0x00007ffa77646000 	D:\Vivado\2020.1\lib\win64.o\librdi_filemgmt.dll
0x00007ffaa1390000 - 0x00007ffaa1407000 	D:\Vivado\2020.1\lib\win64.o\librdi_hdf.dll
0x00007ffa76a40000 - 0x00007ffa76c95000 	D:\Vivado\2020.1\lib\win64.o\librdi_hip_devdesign.dll
0x00007ffa76ca0000 - 0x00007ffa76fbc000 	D:\Vivado\2020.1\lib\win64.o\librdi_guitools.dll
0x00007ffa768f0000 - 0x00007ffa76a38000 	D:\Vivado\2020.1\lib\win64.o\librdi_hip_perf_analysis.dll
0x00007ffa748e0000 - 0x00007ffa74954000 	D:\Vivado\2020.1\lib\win64.o\librdi_memoryarray.dll
0x00007ffa78090000 - 0x00007ffa8ff60000 	D:\Vivado\2020.1\lib\win64.o\librdi_device.dll
0x00007ffa74960000 - 0x00007ffa74f9e000 	D:\Vivado\2020.1\lib\win64.o\librdi_memdata.dll
0x00007ffa74fa0000 - 0x00007ffa768ea000 	D:\Vivado\2020.1\lib\win64.o\librdi_implflow.dll
0x00007ffa71350000 - 0x00007ffa71a53000 	D:\Vivado\2020.1\lib\win64.o\librdi_netlist.dll
0x00007ffaa60c0000 - 0x00007ffaa610e000 	D:\Vivado\2020.1\lib\win64.o\librdi_pfi.dll
0x00007ffa6e470000 - 0x00007ffa6e7c1000 	D:\Vivado\2020.1\lib\win64.o\librdi_platform.dll
0x00007ffa6dc30000 - 0x00007ffa6e464000 	D:\Vivado\2020.1\lib\win64.o\librdi_power.dll
0x00007ffa6cef0000 - 0x00007ffa6d62c000 	D:\Vivado\2020.1\lib\win64.o\librdi_psta.dll
0x00007ffa6d630000 - 0x00007ffa6dc25000 	D:\Vivado\2020.1\lib\win64.o\librdi_project.dll
0x00007ffa6e7d0000 - 0x00007ffa71341000 	D:\Vivado\2020.1\lib\win64.o\librdi_place.dll
0x00007ffa6c1d0000 - 0x00007ffa6c2d8000 	D:\Vivado\2020.1\lib\win64.o\librdi_runsbase.dll
0x00007ffa6c780000 - 0x00007ffa6ceef000 	D:\Vivado\2020.1\lib\win64.o\librdi_rsb.dll
0x00007ffa6c2e0000 - 0x00007ffa6c77a000 	D:\Vivado\2020.1\lib\win64.o\librdi_runs.dll
0x00007ffa6bf50000 - 0x00007ffa6c1c5000 	D:\Vivado\2020.1\lib\win64.o\librdi_simdata.dll
0x00007ffa6af40000 - 0x00007ffa6b03f000 	D:\Vivado\2020.1\lib\win64.o\librdi_xhub.dll
0x00007ffa6ae90000 - 0x00007ffa6af38000 	D:\Vivado\2020.1\lib\win64.o\librdi_xhubtasks.dll
0x00007ffa71a60000 - 0x00007ffa748d7000 	D:\Vivado\2020.1\lib\win64.o\librdi_mig.dll
0x00007ffa6b040000 - 0x00007ffa6bf4a000 	D:\Vivado\2020.1\lib\win64.o\librdi_timing.dll
0x00007ffa6acb0000 - 0x00007ffa6ae83000 	D:\Vivado\2020.1\lib\win64.o\librdi_advchipscopeimpl.dll
0x00007ffaa3bd0000 - 0x00007ffaa3c1c000 	D:\Vivado\2020.1\lib\win64.o\libboost_serialization.dll
0x00007ffa6abc0000 - 0x00007ffa6aca8000 	D:\Vivado\2020.1\lib\win64.o\librdi_ipconfig_readwrite.dll
0x00007ffa6ab50000 - 0x00007ffa6abbc000 	D:\Vivado\2020.1\lib\win64.o\librdi_noc_frameworks.dll
0x00007ffa6aab0000 - 0x00007ffa6ab4e000 	D:\Vivado\2020.1\lib\win64.o\libise.dll
0x00007ffaa1990000 - 0x00007ffaa19dd000 	D:\Vivado\2020.1\lib\win64.o\libboost_graph.dll
0x00007ffa6aa60000 - 0x00007ffa6aaac000 	D:\Vivado\2020.1\lib\win64.o\librdi_bva.dll
0x00007ffa69f10000 - 0x00007ffa6aa57000 	D:\Vivado\2020.1\lib\win64.o\libverific.dll
0x00007ffa69d10000 - 0x00007ffa69f03000 	D:\Vivado\2020.1\lib\win64.o\librdi_hip_config.dll

VM Arguments:
jvm_args: -Dsun.java2d.pmoffscreen=false -Dsun.java2d.xrender=false -Dsun.java2d.d3d=false -Dsun.awt.nopixfmt=true -Dsun.java2d.dpiaware=true -Dsun.java2d.uiScale.enabled=false -Xverify:none -Dswing.aatext=true -XX:-UsePerfData -Djdk.map.althashing.threshold=512 -XX:StringTableSize=4072 --add-opens=java.base/java.nio=ALL-UNNAMED --add-opens=java.desktop/sun.swing=ALL-UNNAMED --add-opens=java.desktop/javax.swing=ALL-UNNAMED --add-opens=java.desktop/javax.swing.tree=ALL-UNNAMED --add-opens=java.desktop/javax.swing.plaf.basic=ALL-UNNAMED --add-opens=java.desktop/javax.swing.plaf.synth=ALL-UNNAMED --add-opens=java.desktop/com.sun.awt=ALL-UNNAMED -XX:NewSize=60m -XX:MaxNewSize=60m -Xms128m -Xmx3072m -Xss5m 
java_command: <unknown>
java_class_path (initial): D:/Vivado/2020.1\lib\classes\alloy.jar;D:/Vivado/2020.1\lib\classes\ArchiveSummary.jar;D:/Vivado/2020.1\lib\classes\autoesl-models.jar;D:/Vivado/2020.1\lib\classes\autopilot.scelaborator.jar;D:/Vivado/2020.1\lib\classes\autopilot.sourceprocessor.jar;D:/Vivado/2020.1\lib\classes\autopilot.tbprocessor.jar;D:/Vivado/2020.1\lib\classes\batik-anim.jar;D:/Vivado/2020.1\lib\classes\batik-awt-util.jar;D:/Vivado/2020.1\lib\classes\batik-bridge.jar;D:/Vivado/2020.1\lib\classes\batik-codec.jar;D:/Vivado/2020.1\lib\classes\batik-css.jar;D:/Vivado/2020.1\lib\classes\batik-dom.jar;D:/Vivado/2020.1\lib\classes\batik-ext.jar;D:/Vivado/2020.1\lib\classes\batik-gui-util.jar;D:/Vivado/2020.1\lib\classes\batik-gvt.jar;D:/Vivado/2020.1\lib\classes\batik-parser.jar;D:/Vivado/2020.1\lib\classes\batik-script.jar;D:/Vivado/2020.1\lib\classes\batik-svg-dom.jar;D:/Vivado/2020.1\lib\classes\batik-swing.jar;D:/Vivado/2020.1\lib\classes\batik-transcoder.jar;D:/Vivado/2020.1\lib\classes\batik-util.jar;D:/Vivado/2020.1\lib\classes\batik-xml.jar;D:/Vivado/2020.1\lib\classes\com.google.gson_2.8.2.v20180104-1110.jar;D:/Vivado/2020.1\lib\classes\com.google.guava_27.1.0.v20190517-1946.jar;D:/Vivado/2020.1\lib\classes\com.ibm.icu_4.4.2.v20110208.jar;D:/Vivado/2020.1\lib\classes\com.sigasi.hdt.connection_4.8.0.202004151336.jar;D:/Vivado/2020.1\lib\classes\com.sigasi.hdt.epl_4.8.0.202004151336.jar;D:/Vivado/2020.1\lib\classes\com.sigasi.hdt.project_4.8.0.202004151336.jar;D:/Vivado/2020.1\lib\classes\com.sigasi.hdt.readonlyfilesystem_4.8.0.202004151336.jar;D:/Vivado/2020.1\lib\classes\com.sigasi.lcm_4.8.0.202004151336.jar;D:/Vivado/2020.1\lib\classes\com.sigasi.sdk.client_4.8.0.202004151336.jar;D:/Vivado/2020.1\lib\classes\com.xilinx.hls.services.jar;D:/Vivado/2020.1\lib\classes\commons-collections4-4.1.jar;D:/Vivado/2020.1\lib\classes\commons-io-2.6.jar;D:/Vivado/2020.1\lib\classes\commons-math-2.2.jar;D:/Vivado/2020.1\lib\classes\Dispatch.jar;D:/Vivado/2020.1\lib\classes\Disp
Launcher Type: generic

Logging:
Log output configuration:
#0: stdout all=warning uptime,level,tags
#1: stderr all=off uptime,level,tags

Environment Variables:
PATH=D:/Vivado/2020.1\gnuwin\bin;D:/Vivado/2020.1\gnu\microblaze\nt\bin;D:/Vivado/2020.1/bin;D:/Vivado/2020.1/lib/win64.o;D:/Vivado/2020.1/tps/win64/jre9.0.4/bin/server;D:/Vivado/2020.1/tps/win64/jre9.0.4/bin;D:/Vivado/2020.1/ids_lite/ISE/bin/nt64;D:/Vivado/2020.1/ids_lite/ISE/lib/nt64;C:\Windows\system32;C:\Windows;C:\Windows\System32\Wbem;C:\Windows\System32\WindowsPowerShell\v1.0\;C:\Windows\System32\OpenSSH\;C:\Program Files (x86)\NVIDIA Corporation\PhysX\Common;C:\Program Files\NVIDIA Corporation\NVIDIA NvDLISR;D:\mingw\mingw64\bin;C:\Program Files\Git\cmd;C:\Program Files\TortoiseGit\bin;C:\Program Files (x86)\Windows Kits\10\Windows Performance Toolkit\;D:\MATLAB\bin;C:\Users\Lin Hongyu\AppData\Local\Microsoft\WindowsApps;;D:\Microsoft VS Code\bin;D:/Vivado/2020.1\tps\mingw\6.2.0\win64.o\nt\bin;D:/Vivado/2020.1\tps\mingw\6.2.0\win64.o\nt\libexec\gcc\x86_64-w64-mingw32\6.2.0;D:/Vivado/2020.1\tps\win64\python-2.7.16;D:/Vivado/2020.1\tps\win64\python-2.7.16\bin;D:/Vivado/2020.1\tps\win64\python-2.7.16\lib;D:/Vivado/2020.1\tps\win64\python-2.7.16\Lib\lib-tk;D:/Vivado/2020.1\tps\win64\python-2.7.16\lib\site-packages
USERNAME=Lin Hongyu
OS=Windows_NT
PROCESSOR_IDENTIFIER=AMD64 Family 25 Model 116 Stepping 1, AuthenticAMD



---------------  S Y S T E M  ---------------

OS: Windows 10 , 64 bit Build 22621 (10.0.22621.4391)

CPU:total 16 (initial active 16) (16 cores per cpu, 1 threads per core) family 25 model 116 stepping 1, cmov, cx8, fxsr, mmx, sse, sse2, sse3, ssse3, sse4.1, sse4.2, popcnt, avx, avx2, aes, clmul, erms, mmxext, 3dnowpref, lzcnt, sse4a, tsc, tscinvbit, tscinv, bmi1

Memory: 4k page, physical 15927668k(5762348k free), swap 23267700k(9632700k free)

vm_info: Java HotSpot(TM) 64-Bit Server VM (9.0.4+11) for windows-amd64 JRE (9.0.4+11), built on Dec 20 2017 02:18:54 by "mach5one" with MS VC++ 12.0 (VS2013)

END.
