
*** Running vivado
    with args -log led_chaser.vds -m64 -product Vivado -mode batch -messageDb vivado.pb -notrace -source led_chaser.tcl



****** Vivado v2020.1 (64-bit)
  **** SW Build 2902540 on Wed May 27 19:54:49 MDT 2020
  **** IP Build 2902112 on Wed May 27 22:43:36 MDT 2020
    ** Copyright 1986-2020 Xilinx, Inc. All Rights Reserved.

source led_chaser.tcl -notrace
Command: synth_design -top led_chaser -part xc7z010clg400-1
Starting synth_design
Attempting to get a license for feature 'Synthesis' and/or device 'xc7z010'
INFO: [Common 17-349] Got license for feature 'Synthesis' and/or device 'xc7z010'
INFO: [Device 21-403] Loading part xc7z010clg400-1
INFO: [Synth 8-7079] Multithreading enabled for synth_design using a maximum of 2 processes.
INFO: [Synth 8-7078] Launching helper process for spawning children vivado processes
INFO: [Synth 8-7075] Helper process launched with PID 38404
---------------------------------------------------------------------------------
Starting RTL Elaboration : Time (s): cpu = 00:00:02 ; elapsed = 00:00:02 . Memory (MB): peak = 1111.738 ; gain = 0.000
---------------------------------------------------------------------------------
INFO: [Synth 8-6157] synthesizing module 'led_chaser' [C:/Users/Lin Hongyu/Desktop/fulL vivado/Project_24_09_24 ≈‹¬Ìµ∆/project_1.srcs/sources_1/new/key_led_test.v:23]
INFO: [Synth 8-6155] done synthesizing module 'led_chaser' (1#1) [C:/Users/Lin Hongyu/Desktop/fulL vivado/Project_24_09_24 ≈‹¬Ìµ∆/project_1.srcs/sources_1/new/key_led_test.v:23]
TclStackFree: incorrect freePtr. Call out of sequence?
