Copyright 1986-2020 Xilinx, Inc. All Rights Reserved.
-----------------------------------------------------------------------------------------------------------
| Tool Version : Vivado v.2020.1 (win64) Build 2902540 Wed May 27 19:54:49 MDT 2020
| Date         : Sun Jan 12 13:59:02 2025
| Host         : LAPTOP-RDA9S5SE running 64-bit major release  (build 9200)
| Command      : report_utilization -file proc_top_utilization_synth.rpt -pb proc_top_utilization_synth.pb
| Design       : proc_top
| Device       : 7z010clg400-1
| Design State : Synthesized
-----------------------------------------------------------------------------------------------------------

Utilization Design Information

Table of Contents
-----------------
1. Slice Logic
1.1 Summary of Registers by Type
2. Memory
3. DSP
4. IO and GT Specific
5. Clocking
6. Specific Feature
7. Primitives
8. Black Boxes
9. Instantiated Netlists

1. Slice Logic
--------------

+----------------------------+------+-------+-----------+-------+
|          Site Type         | Used | Fixed | Available | Util% |
+----------------------------+------+-------+-----------+-------+
| Slice LUTs*                |  804 |     0 |     17600 |  4.57 |
|   LUT as Logic             |  732 |     0 |     17600 |  4.16 |
|   LUT as Memory            |   72 |     0 |      6000 |  1.20 |
|     LUT as Distributed RAM |   72 |     0 |           |       |
|     LUT as Shift Register  |    0 |     0 |           |       |
| Slice Registers            |  455 |     0 |     35200 |  1.29 |
|   Register as Flip Flop    |  350 |     0 |     35200 |  0.99 |
|   Register as Latch        |  105 |     0 |     35200 |  0.30 |
| F7 Muxes                   |   30 |     0 |      8800 |  0.34 |
| F8 Muxes                   |    0 |     0 |      4400 |  0.00 |
+----------------------------+------+-------+-----------+-------+
* Warning! The Final LUT count, after physical optimizations and full implementation, is typically lower. Run opt_design after synthesis, if not already completed, for a more realistic count.


1.1 Summary of Registers by Type
--------------------------------

+-------+--------------+-------------+--------------+
| Total | Clock Enable | Synchronous | Asynchronous |
+-------+--------------+-------------+--------------+
| 3     |            _ |           - |            - |
| 0     |            _ |           - |          Set |
| 0     |            _ |           - |        Reset |
| 0     |            _ |         Set |            - |
| 0     |            _ |       Reset |            - |
| 0     |          Yes |           - |            - |
| 22    |          Yes |           - |          Set |
| 430   |          Yes |           - |        Reset |
| 0     |          Yes |         Set |            - |
| 0     |          Yes |       Reset |            - |
+-------+--------------+-------------+--------------+


2. Memory
---------

+----------------+------+-------+-----------+-------+
|    Site Type   | Used | Fixed | Available | Util% |
+----------------+------+-------+-----------+-------+
| Block RAM Tile |    0 |     0 |        60 |  0.00 |
|   RAMB36/FIFO* |    0 |     0 |        60 |  0.00 |
|   RAMB18       |    0 |     0 |       120 |  0.00 |
+----------------+------+-------+-----------+-------+
* Note: Each Block RAM Tile only has one FIFO logic available and therefore can accommodate only one FIFO36E1 or one FIFO18E1. However, if a FIFO18E1 occupies a Block RAM Tile, that tile can still accommodate a RAMB18E1


3. DSP
------

+-----------+------+-------+-----------+-------+
| Site Type | Used | Fixed | Available | Util% |
+-----------+------+-------+-----------+-------+
| DSPs      |    0 |     0 |        80 |  0.00 |
+-----------+------+-------+-----------+-------+


4. IO and GT Specific
---------------------

+-----------------------------+------+-------+-----------+-------+
|          Site Type          | Used | Fixed | Available | Util% |
+-----------------------------+------+-------+-----------+-------+
| Bonded IOB                  |    4 |     0 |       100 |  4.00 |
| Bonded IPADs                |    0 |     0 |         2 |  0.00 |
| Bonded IOPADs               |    0 |     0 |       130 |  0.00 |
| PHY_CONTROL                 |    0 |     0 |         2 |  0.00 |
| PHASER_REF                  |    0 |     0 |         2 |  0.00 |
| OUT_FIFO                    |    0 |     0 |         8 |  0.00 |
| IN_FIFO                     |    0 |     0 |         8 |  0.00 |
| IDELAYCTRL                  |    0 |     0 |         2 |  0.00 |
| IBUFDS                      |    0 |     0 |        96 |  0.00 |
| PHASER_OUT/PHASER_OUT_PHY   |    0 |     0 |         8 |  0.00 |
| PHASER_IN/PHASER_IN_PHY     |    0 |     0 |         8 |  0.00 |
| IDELAYE2/IDELAYE2_FINEDELAY |    0 |     0 |       100 |  0.00 |
| ILOGIC                      |    0 |     0 |       100 |  0.00 |
| OLOGIC                      |    0 |     0 |       100 |  0.00 |
+-----------------------------+------+-------+-----------+-------+


5. Clocking
-----------

+------------+------+-------+-----------+-------+
|  Site Type | Used | Fixed | Available | Util% |
+------------+------+-------+-----------+-------+
| BUFGCTRL   |    4 |     0 |        32 | 12.50 |
| BUFIO      |    0 |     0 |         8 |  0.00 |
| MMCME2_ADV |    0 |     0 |         2 |  0.00 |
| PLLE2_ADV  |    0 |     0 |         2 |  0.00 |
| BUFMRCE    |    0 |     0 |         4 |  0.00 |
| BUFHCE     |    0 |     0 |        48 |  0.00 |
| BUFR       |    0 |     0 |         8 |  0.00 |
+------------+------+-------+-----------+-------+


6. Specific Feature
-------------------

+-------------+------+-------+-----------+-------+
|  Site Type  | Used | Fixed | Available | Util% |
+-------------+------+-------+-----------+-------+
| BSCANE2     |    0 |     0 |         4 |  0.00 |
| CAPTUREE2   |    0 |     0 |         1 |  0.00 |
| DNA_PORT    |    0 |     0 |         1 |  0.00 |
| EFUSE_USR   |    0 |     0 |         1 |  0.00 |
| FRAME_ECCE2 |    0 |     0 |         1 |  0.00 |
| ICAPE2      |    0 |     0 |         2 |  0.00 |
| STARTUPE2   |    0 |     0 |         1 |  0.00 |
| XADC        |    0 |     0 |         1 |  0.00 |
+-------------+------+-------+-----------+-------+


7. Primitives
-------------

+----------+------+---------------------+
| Ref Name | Used | Functional Category |
+----------+------+---------------------+
| LUT6     |  435 |                 LUT |
| FDCE     |  330 |        Flop & Latch |
| LUT5     |  131 |                 LUT |
| LUT2     |  114 |                 LUT |
| RAMD32   |  108 |  Distributed Memory |
| LUT3     |  105 |                 LUT |
| LDCE     |  103 |        Flop & Latch |
| LUT4     |   64 |                 LUT |
| RAMS32   |   36 |  Distributed Memory |
| CARRY4   |   35 |          CarryLogic |
| MUXF7    |   30 |               MuxFx |
| FDPE     |   20 |        Flop & Latch |
| LUT1     |    6 |                 LUT |
| BUFG     |    4 |               Clock |
| IBUF     |    3 |                  IO |
| LDPE     |    2 |        Flop & Latch |
| OBUF     |    1 |                  IO |
+----------+------+---------------------+


8. Black Boxes
--------------

+---------------+------+
|    Ref Name   | Used |
+---------------+------+
| u2r_cmd_fifo  |    1 |
| r2u_data_fifo |    1 |
| datadata      |    1 |
+---------------+------+


9. Instantiated Netlists
------------------------

+----------+------+
| Ref Name | Used |
+----------+------+


