#-----------------------------------------------------------
# Vivado v2020.1 (64-bit)
# SW Build 2902540 on Wed May 27 19:54:49 MDT 2020
# IP Build 2902112 on Wed May 27 22:43:36 MDT 2020
# Start of session at: Wed Nov 13 09:51:03 2024
# Process ID: 144944
# Current directory: C:/Users/Lin Hongyu/Desktop/fulL vivado/Project_24_11_5 UART串口
# Command line: vivado.exe -gui_launcher_event rodinguilauncherevent134192 C:\Users\Lin Hongyu\Desktop\fulL vivado\Project_24_11_5 UART串口\project_3.xpr
# Log file: C:/Users/Lin Hongyu/Desktop/fulL vivado/Project_24_11_5 UART串口/vivado.log
# Journal file: C:/Users/Lin Hongyu/Desktop/fulL vivado/Project_24_11_5 UART串口\vivado.jou
#-----------------------------------------------------------
start_gui
open_project {C:/Users/Lin Hongyu/Desktop/fulL vivado/Project_24_11_5 UART串口/project_3.xpr}
Scanning sources...
Finished scanning sources
INFO: [IP_Flow 19-234] Refreshing IP repositories
INFO: [IP_Flow 19-1704] No user IP repositories specified
INFO: [IP_Flow 19-2313] Loaded Vivado IP repository 'D:/Vivado/2020.1/data/ip'.
update_compile_order -fileset sources_1
exit
INFO: [Common 17-206] Exiting Vivado at Wed Nov 13 09:51:48 2024...
