Copyright 1986-2020 Xilinx, Inc. All Rights Reserved.
-------------------------------------------------------------------------------------
| Tool Version : Vivado v.2020.1 (win64) Build 2902540 Wed May 27 19:54:49 MDT 2020
| Date         : Sun Jan 12 16:29:20 2025
| Host         : LAPTOP-RDA9S5SE running 64-bit major release  (build 9200)
| Command      : report_control_sets -verbose -file proc_top_control_sets_placed.rpt
| Design       : proc_top
| Device       : xc7z010
-------------------------------------------------------------------------------------

Control Set Information

Table of Contents
-----------------
1. Summary
2. Histogram
3. Flip-Flop Distribution
4. Detailed Control Set Information

1. Summary
----------

+----------------------------------------------------------+-------+
|                          Status                          | Count |
+----------------------------------------------------------+-------+
| Total control sets                                       |    34 |
|    Minimum number of control sets                        |    34 |
|    Addition due to synthesis replication                 |     0 |
|    Addition due to physical synthesis replication        |     0 |
| Unused register locations in slices containing registers |    94 |
+----------------------------------------------------------+-------+
* Control sets can be merged at opt_design using control_set_merge or merge_equivalent_drivers
** Run report_qor_suggestions for automated merging and remapping suggestions


2. Histogram
------------

+--------------------+-------+
|       Fanout       | Count |
+--------------------+-------+
| Total control sets |    34 |
| >= 0 to < 4        |     6 |
| >= 4 to < 6        |     2 |
| >= 6 to < 8        |     0 |
| >= 8 to < 10       |    10 |
| >= 10 to < 12      |     1 |
| >= 12 to < 14      |     2 |
| >= 14 to < 16      |     0 |
| >= 16              |    13 |
+--------------------+-------+
* Control sets can be remapped at either synth_design or opt_design


3. Flip-Flop Distribution
-------------------------

+--------------+-----------------------+------------------------+-----------------+--------------+
| Clock Enable | Synchronous Set/Reset | Asynchronous Set/Reset | Total Registers | Total Slices |
+--------------+-----------------------+------------------------+-----------------+--------------+
| No           | No                    | No                     |             159 |           45 |
| No           | No                    | Yes                    |             220 |           74 |
| No           | Yes                   | No                     |               0 |            0 |
| Yes          | No                    | No                     |               0 |            0 |
| Yes          | No                    | Yes                    |             239 |           60 |
| Yes          | Yes                   | No                     |               0 |            0 |
+--------------+-----------------------+------------------------+-----------------+--------------+


4. Detailed Control Set Information
-----------------------------------

+-------------------------------------------------------+---------------------------------------------------------------------------------------------------------------+-----------------------------------------------------------------------------------------------------------------------------------------------------------+------------------+----------------+--------------+
|                      Clock Signal                     |                                                 Enable Signal                                                 |                                                                      Set/Reset Signal                                                                     | Slice Load Count | Bel Load Count | Bels / Slice |
+-------------------------------------------------------+---------------------------------------------------------------------------------------------------------------+-----------------------------------------------------------------------------------------------------------------------------------------------------------+------------------+----------------+--------------+
|  clk_i_IBUF_BUFG                                      |                                                                                                               | u_sys_monitor/u_run_2_uart_clock/U0/inst_fifo_gen/gconvfifo.rf/grf.rf/rstblk/ngwrdrst.grst.g7serrst.gnsckt_wrst.gic_rst.sckt_rd_rst_ic_reg_0[0]           |                1 |              2 |         2.00 |
|  clk_i_IBUF_BUFG                                      |                                                                                                               | u_sys_monitor/u_u2r_cmd_convert/U0/inst_fifo_gen/gconvfifo.rf/grf.rf/rstblk/rst_d2                                                                        |                1 |              2 |         2.00 |
|  clk_run_BUFG                                         |                                                                                                               | u_sys_monitor/u_run_2_uart_clock/U0/inst_fifo_gen/gconvfifo.rf/grf.rf/rstblk/rst_d2                                                                       |                1 |              2 |         2.00 |
|  clk_run_BUFG                                         |                                                                                                               | u_sys_monitor/u_u2r_cmd_convert/U0/inst_fifo_gen/gconvfifo.rf/grf.rf/rstblk/ngwrdrst.grst.g7serrst.gnsckt_wrst.gic_rst.sckt_rd_rst_ic_reg_0[0]            |                1 |              2 |         2.00 |
|  clk_run_BUFG                                         |                                                                                                               | u_sys_monitor/u_u2r_cmd_convert/U0/inst_fifo_gen/gconvfifo.rf/grf.rf/rstblk/ngwrdrst.grst.g7serrst.gnsckt_wrst.gic_rst.rst_rd_reg2_inst/arststages_ff[1]  |                1 |              3 |         3.00 |
|  clk_i_IBUF_BUFG                                      |                                                                                                               | u_sys_monitor/u_run_2_uart_clock/U0/inst_fifo_gen/gconvfifo.rf/grf.rf/rstblk/ngwrdrst.grst.g7serrst.gnsckt_wrst.gic_rst.rst_rd_reg2_inst/arststages_ff[1] |                1 |              3 |         3.00 |
|  clk_run_BUFG                                         | u_sys_monitor/u_debug_core/reg_addr0                                                                          | u_sys_monitor/u_uart_top/u_uart_rx/rst_n                                                                                                                  |                1 |              5 |         5.00 |
|  clk_run_BUFG                                         | u_sys_monitor/u_debug_core/reg_rd_cnt[4]_i_1_n_1                                                              | u_sys_monitor/u_uart_top/u_uart_rx/rst_n                                                                                                                  |                2 |              5 |         2.50 |
|  clk_run_BUFG                                         | u_sys_monitor/u_debug_core/cmd_reg[7]_i_1_n_1                                                                 | u_sys_monitor/u_uart_top/u_uart_rx/rst_n                                                                                                                  |                2 |              8 |         4.00 |
|  clk_i_IBUF_BUFG                                      | u_sys_monitor/u_uart_top/u_uart_tx/sampleData                                                                 | u_sys_monitor/u_uart_top/u_uart_rx/rst_n                                                                                                                  |                2 |              8 |         4.00 |
|  clk_i_IBUF_BUFG                                      | u_sys_monitor/u_uart_top/inner_rx_ready                                                                       | u_sys_monitor/u_uart_top/u_uart_rx/rst_n                                                                                                                  |                1 |              8 |         8.00 |
|  clk_run_BUFG                                         | u_sys_monitor/u_debug_core/qword_cmd[31]_i_1_n_1                                                              | u_sys_monitor/u_uart_top/u_uart_rx/rst_n                                                                                                                  |                2 |              8 |         4.00 |
|  clk_run_BUFG                                         | u_sys_monitor/u_debug_core/qword_cmd[15]_i_1_n_1                                                              | u_sys_monitor/u_uart_top/u_uart_rx/rst_n                                                                                                                  |                2 |              8 |         4.00 |
|  clk_run_BUFG                                         | u_sys_monitor/u_debug_core/qword_cmd[23]_i_1_n_1                                                              | u_sys_monitor/u_uart_top/u_uart_rx/rst_n                                                                                                                  |                2 |              8 |         4.00 |
|  clk_run_BUFG                                         | u_sys_monitor/u_debug_core/qword_cmd[7]_i_1_n_1                                                               | u_sys_monitor/u_uart_top/u_uart_rx/rst_n                                                                                                                  |                2 |              8 |         4.00 |
|  clk_i_IBUF_BUFG                                      |                                                                                                               | u_sys_monitor/u_u2r_cmd_convert/U0/inst_fifo_gen/gconvfifo.rf/grf.rf/rstblk/ngwrdrst.grst.g7serrst.gnsckt_wrst.rst_wr_reg2_inst/arststages_ff[1]          |                2 |              9 |         4.50 |
|  clk_run_BUFG                                         | u_sys_monitor/u_debug_core/mem_addr_set_en                                                                    | u_sys_monitor/u_uart_top/u_uart_rx/rst_n                                                                                                                  |                2 |              9 |         4.50 |
|  clk_run_BUFG                                         |                                                                                                               | u_sys_monitor/u_run_2_uart_clock/U0/inst_fifo_gen/gconvfifo.rf/grf.rf/rstblk/ngwrdrst.grst.g7serrst.gnsckt_wrst.rst_wr_reg2_inst/arststages_ff[1]         |                2 |              9 |         4.50 |
|  clk_i_IBUF_BUFG                                      | u_sys_monitor/u_uart_top/u_uart_rx/reg_bit_count_next                                                         | u_sys_monitor/u_uart_top/u_uart_rx/rst_n                                                                                                                  |                3 |             11 |         3.67 |
|  clk_i_IBUF_BUFG                                      | u_sys_monitor/u_run_2_uart_clock/U0/inst_fifo_gen/gconvfifo.rf/grf.rf/gntv_or_sync_fifo.gl0.rd/gras.rsts/E[0] | u_sys_monitor/u_run_2_uart_clock/U0/inst_fifo_gen/gconvfifo.rf/grf.rf/rstblk/ngwrdrst.grst.g7serrst.gnsckt_wrst.gic_rst.sckt_rd_rst_ic_reg_0[0]           |                3 |             12 |         4.00 |
|  clk_i_IBUF_BUFG                                      | u_sys_monitor/u_u2r_cmd_convert/U0/inst_fifo_gen/gconvfifo.rf/grf.rf/gntv_or_sync_fifo.gl0.wr/gwas.wsts/E[0]  | u_sys_monitor/u_u2r_cmd_convert/U0/inst_fifo_gen/gconvfifo.rf/grf.rf/rstblk/AR[0]                                                                         |                2 |             12 |         6.00 |
|  clk_i_IBUF_BUFG                                      | u_sys_monitor/u_u2r_cmd_convert/U0/inst_fifo_gen/gconvfifo.rf/grf.rf/gntv_or_sync_fifo.gl0.wr/gwas.wsts/E[0]  |                                                                                                                                                           |                2 |             16 |         8.00 |
|  clk_run_BUFG                                         | u_sys_monitor/u_u2r_cmd_convert/U0/inst_fifo_gen/gconvfifo.rf/grf.rf/gntv_or_sync_fifo.gl0.rd/gras.rsts/E[0]  | u_sys_monitor/u_u2r_cmd_convert/U0/inst_fifo_gen/gconvfifo.rf/grf.rf/rstblk/ngwrdrst.grst.g7serrst.gnsckt_wrst.gic_rst.sckt_rd_rst_ic_reg_0[0]            |                3 |             16 |         5.33 |
|  clk_run_BUFG                                         | u_sys_monitor/u_run_2_uart_clock/U0/inst_fifo_gen/gconvfifo.rf/grf.rf/gntv_or_sync_fifo.gl0.wr/gwas.wsts/E[0] | u_sys_monitor/u_run_2_uart_clock/U0/inst_fifo_gen/gconvfifo.rf/grf.rf/rstblk/AR[0]                                                                        |                3 |             18 |         6.00 |
|  u_top/u_mips/u_datapath/next_pc_reg[31]_i_2_n_1_BUFG |                                                                                                               |                                                                                                                                                           |               12 |             31 |         2.58 |
| ~clk_run_BUFG                                         | u_sys_monitor/u_debug_core/cmd_reg_reg[2]_0[0]                                                                | u_sys_monitor/u_debug_core/AR[0]                                                                                                                          |               12 |             31 |         2.58 |
|  clk_i_IBUF_BUFG                                      | u_sys_monitor/u_debug_core/E[0]                                                                               | u_sys_monitor/u_uart_top/u_uart_rx/rst_n                                                                                                                  |                9 |             32 |         3.56 |
|  clk_run_BUFG                                         | u_sys_monitor/u_debug_core/bp_set                                                                             | u_sys_monitor/u_uart_top/u_uart_rx/rst_n                                                                                                                  |                7 |             32 |         4.57 |
|  n_0_149_BUFG                                         |                                                                                                               |                                                                                                                                                           |                9 |             32 |         3.56 |
|  clk_run_BUFG                                         |                                                                                                               |                                                                                                                                                           |               12 |             48 |         4.00 |
|  clk_i_IBUF_BUFG                                      |                                                                                                               |                                                                                                                                                           |               12 |             48 |         4.00 |
|  clk_run_BUFG                                         |                                                                                                               | u_sys_monitor/u_uart_top/u_uart_rx/rst_n                                                                                                                  |               31 |             90 |         2.90 |
|  clk_i_IBUF_BUFG                                      |                                                                                                               | u_sys_monitor/u_uart_top/u_uart_rx/rst_n                                                                                                                  |               33 |             98 |         2.97 |
|  clk_run_BUFG                                         | u_top/u_mips/u_datapath/u_regfile/p_0_in                                                                      |                                                                                                                                                           |               18 |            144 |         8.00 |
+-------------------------------------------------------+---------------------------------------------------------------------------------------------------------------+-----------------------------------------------------------------------------------------------------------------------------------------------------------+------------------+----------------+--------------+


