INFO: [VRFC 10-2263] Analyzing Verilog file "C:/Users/Lin Hongyu/Desktop/fulL vivado/project_24_12_24_Single_Cycle/project_24_12_24_Single_Cycle.srcs/sources_1/imports/lab10_code_template/MIPS_core/rtl/alu.v" into library xil_defaultlib
INFO: [VRFC 10-311] analyzing module alu
INFO: [VRFC 10-2263] Analyzing Verilog file "C:/Users/Lin Hongyu/Desktop/fulL vivado/project_24_12_24_Single_Cycle/project_24_12_24_Single_Cycle.srcs/sources_1/imports/lab10_code_template/MIPS_core/rtl/aludec.v" into library xil_defaultlib
INFO: [VRFC 10-311] analyzing module aludec
INFO: [VRFC 10-2263] Analyzing Verilog file "C:/Users/Lin Hongyu/Desktop/fulL vivado/project_24_12_24_Single_Cycle/project_24_12_24_Single_Cycle.srcs/sources_1/imports/lab10_code_template/MIPS_core/rtl/controller.v" into library xil_defaultlib
INFO: [VRFC 10-311] analyzing module controller
INFO: [VRFC 10-2263] Analyzing Verilog file "C:/Users/Lin Hongyu/Desktop/fulL vivado/project_24_12_24_Single_Cycle/project_24_12_24_Single_Cycle.srcs/sources_1/imports/lab10_code_template/MIPS_core/rtl/datapath.v" into library xil_defaultlib
INFO: [VRFC 10-311] analyzing module datapath
INFO: [VRFC 10-2458] undeclared symbol overflow, assumed default net type wire [C:/Users/Lin Hongyu/Desktop/fulL vivado/project_24_12_24_Single_Cycle/project_24_12_24_Single_Cycle.srcs/sources_1/imports/lab10_code_template/MIPS_core/rtl/datapath.v:110]
INFO: [VRFC 10-2263] Analyzing Verilog file "C:/Users/Lin Hongyu/Desktop/fulL vivado/project_24_12_24_Single_Cycle/project_24_12_24_Single_Cycle.srcs/sources_1/imports/lab10_code_template/MIPS_core/rtl/inst_rom.v" into library xil_defaultlib
INFO: [VRFC 10-311] analyzing module inst_rom
INFO: [VRFC 10-2263] Analyzing Verilog file "C:/Users/Lin Hongyu/Desktop/fulL vivado/project_24_12_24_Single_Cycle/project_24_12_24_Single_Cycle.srcs/sources_1/imports/lab10_code_template/MIPS_core/rtl/maindec.v" into library xil_defaultlib
INFO: [VRFC 10-311] analyzing module maindec
INFO: [VRFC 10-2263] Analyzing Verilog file "C:/Users/Lin Hongyu/Desktop/fulL vivado/project_24_12_24_Single_Cycle/project_24_12_24_Single_Cycle.srcs/sources_1/imports/lab10_code_template/MIPS_core/rtl/mips.v" into library xil_defaultlib
INFO: [VRFC 10-311] analyzing module mips
INFO: [VRFC 10-2263] Analyzing Verilog file "C:/Users/Lin Hongyu/Desktop/fulL vivado/project_24_12_24_Single_Cycle/project_24_12_24_Single_Cycle.srcs/sources_1/imports/lab10_code_template/MIPS_core/rtl/regfile.v" into library xil_defaultlib
INFO: [VRFC 10-311] analyzing module regfile
INFO: [VRFC 10-2263] Analyzing Verilog file "C:/Users/Lin Hongyu/Desktop/fulL vivado/project_24_12_24_Single_Cycle/project_24_12_24_Single_Cycle.srcs/sources_1/imports/lab10_code_template/MIPS_core/rtl/top.v" into library xil_defaultlib
INFO: [VRFC 10-311] analyzing module top
INFO: [VRFC 10-2263] Analyzing Verilog file "C:/Users/Lin Hongyu/Desktop/fulL vivado/project_24_12_24_Single_Cycle/project_24_12_24_Single_Cycle.srcs/sim_1/imports/sim/testbench.v" into library xil_defaultlib
INFO: [VRFC 10-311] analyzing module testbench
WARNING: [VRFC 10-2096] empty statement in sequential block [C:/Users/Lin Hongyu/Desktop/fulL vivado/project_24_12_24_Single_Cycle/project_24_12_24_Single_Cycle.srcs/sim_1/imports/sim/testbench.v:62]
